Archive member included to satisfy reference by file (symbol)

c:/mounriver/mounriver_studio/toolchain/risc-v embedded gcc/bin/../lib/gcc/riscv-none-embed/8.2.0/rv32imacxw/ilp32\libgcc.a(_udivdi3.o)
                              ./User/lana.o (__udivdi3)
c:/mounriver/mounriver_studio/toolchain/risc-v embedded gcc/bin/../lib/gcc/riscv-none-embed/8.2.0/rv32imacxw/ilp32\libgcc.a(save-restore.o)
                              ./Peripheral/src/ch32v20x_flash.o (__riscv_save_7)
c:/mounriver/mounriver_studio/toolchain/risc-v embedded gcc/bin/../lib/gcc/riscv-none-embed/8.2.0/rv32imacxw/ilp32\libgcc.a(_clz.o)
                              c:/mounriver/mounriver_studio/toolchain/risc-v embedded gcc/bin/../lib/gcc/riscv-none-embed/8.2.0/rv32imacxw/ilp32\libgcc.a(_udivdi3.o) (__clz_tab)
c:/mounriver/mounriver_studio/toolchain/risc-v embedded gcc/bin/../lib/gcc/riscv-none-embed/8.2.0/../../../../riscv-none-embed/lib/rv32imacxw/ilp32\libg_nano.a(lib_a-printf.o)
                              ./User/data.o (printf)
c:/mounriver/mounriver_studio/toolchain/risc-v embedded gcc/bin/../lib/gcc/riscv-none-embed/8.2.0/../../../../riscv-none-embed/lib/rv32imacxw/ilp32\libg_nano.a(lib_a-findfp.o)
                              c:/mounriver/mounriver_studio/toolchain/risc-v embedded gcc/bin/../lib/gcc/riscv-none-embed/8.2.0/../../../../riscv-none-embed/lib/rv32imacxw/ilp32\libg_nano.a(lib_a-printf.o) (__sinit)
c:/mounriver/mounriver_studio/toolchain/risc-v embedded gcc/bin/../lib/gcc/riscv-none-embed/8.2.0/../../../../riscv-none-embed/lib/rv32imacxw/ilp32\libg_nano.a(lib_a-fwalk.o)
                              c:/mounriver/mounriver_studio/toolchain/risc-v embedded gcc/bin/../lib/gcc/riscv-none-embed/8.2.0/../../../../riscv-none-embed/lib/rv32imacxw/ilp32\libg_nano.a(lib_a-findfp.o) (_fwalk)
c:/mounriver/mounriver_studio/toolchain/risc-v embedded gcc/bin/../lib/gcc/riscv-none-embed/8.2.0/../../../../riscv-none-embed/lib/rv32imacxw/ilp32\libg_nano.a(lib_a-impure.o)
                              c:/mounriver/mounriver_studio/toolchain/risc-v embedded gcc/bin/../lib/gcc/riscv-none-embed/8.2.0/../../../../riscv-none-embed/lib/rv32imacxw/ilp32\libg_nano.a(lib_a-findfp.o) (_global_impure_ptr)
c:/mounriver/mounriver_studio/toolchain/risc-v embedded gcc/bin/../lib/gcc/riscv-none-embed/8.2.0/../../../../riscv-none-embed/lib/rv32imacxw/ilp32\libg_nano.a(lib_a-memset.o)
                              c:/mounriver/mounriver_studio/toolchain/risc-v embedded gcc/bin/../lib/gcc/riscv-none-embed/8.2.0/../../../../riscv-none-embed/lib/rv32imacxw/ilp32\libg_nano.a(lib_a-findfp.o) (memset)
c:/mounriver/mounriver_studio/toolchain/risc-v embedded gcc/bin/../lib/gcc/riscv-none-embed/8.2.0/../../../../riscv-none-embed/lib/rv32imacxw/ilp32\libg_nano.a(lib_a-nano-mallocr.o)
                              c:/mounriver/mounriver_studio/toolchain/risc-v embedded gcc/bin/../lib/gcc/riscv-none-embed/8.2.0/../../../../riscv-none-embed/lib/rv32imacxw/ilp32\libg_nano.a(lib_a-findfp.o) (_malloc_r)
c:/mounriver/mounriver_studio/toolchain/risc-v embedded gcc/bin/../lib/gcc/riscv-none-embed/8.2.0/../../../../riscv-none-embed/lib/rv32imacxw/ilp32\libg_nano.a(lib_a-nano-vfprintf.o)
                              c:/mounriver/mounriver_studio/toolchain/risc-v embedded gcc/bin/../lib/gcc/riscv-none-embed/8.2.0/../../../../riscv-none-embed/lib/rv32imacxw/ilp32\libg_nano.a(lib_a-printf.o) (_vfprintf_r)
c:/mounriver/mounriver_studio/toolchain/risc-v embedded gcc/bin/../lib/gcc/riscv-none-embed/8.2.0/../../../../riscv-none-embed/lib/rv32imacxw/ilp32\libg_nano.a(lib_a-nano-vfprintf_i.o)
                              c:/mounriver/mounriver_studio/toolchain/risc-v embedded gcc/bin/../lib/gcc/riscv-none-embed/8.2.0/../../../../riscv-none-embed/lib/rv32imacxw/ilp32\libg_nano.a(lib_a-nano-vfprintf.o) (_printf_i)
c:/mounriver/mounriver_studio/toolchain/risc-v embedded gcc/bin/../lib/gcc/riscv-none-embed/8.2.0/../../../../riscv-none-embed/lib/rv32imacxw/ilp32\libg_nano.a(lib_a-sbrkr.o)
                              c:/mounriver/mounriver_studio/toolchain/risc-v embedded gcc/bin/../lib/gcc/riscv-none-embed/8.2.0/../../../../riscv-none-embed/lib/rv32imacxw/ilp32\libg_nano.a(lib_a-nano-mallocr.o) (_sbrk_r)
c:/mounriver/mounriver_studio/toolchain/risc-v embedded gcc/bin/../lib/gcc/riscv-none-embed/8.2.0/../../../../riscv-none-embed/lib/rv32imacxw/ilp32\libg_nano.a(lib_a-stdio.o)
                              c:/mounriver/mounriver_studio/toolchain/risc-v embedded gcc/bin/../lib/gcc/riscv-none-embed/8.2.0/../../../../riscv-none-embed/lib/rv32imacxw/ilp32\libg_nano.a(lib_a-findfp.o) (__sread)
c:/mounriver/mounriver_studio/toolchain/risc-v embedded gcc/bin/../lib/gcc/riscv-none-embed/8.2.0/../../../../riscv-none-embed/lib/rv32imacxw/ilp32\libg_nano.a(lib_a-wbuf.o)
                              c:/mounriver/mounriver_studio/toolchain/risc-v embedded gcc/bin/../lib/gcc/riscv-none-embed/8.2.0/../../../../riscv-none-embed/lib/rv32imacxw/ilp32\libg_nano.a(lib_a-nano-vfprintf.o) (__swbuf_r)
[...]
Memory Configuration

Name             Origin             Length             Attributes
FLASH            0x0000000000000000 0x0000000000008000 xr
RAM              0x0000000020000000 0x0000000000002800 xrw
*default*        0x0000000000000000 0xffffffffffffffff

Linker script and memory map

LOAD ./User/ch32v20x_it.o
LOAD ./User/data.o
LOAD ./User/lana.o
LOAD ./User/leds.o
LOAD ./User/main.o
LOAD ./User/system_ch32v20x.o
LOAD ./Startup/startup_ch32v20x_D6.o
LOAD ./Peripheral/src/ch32v20x_adc.o
LOAD ./Peripheral/src/ch32v20x_bkp.o
LOAD ./Peripheral/src/ch32v20x_can.o
LOAD ./Peripheral/src/ch32v20x_crc.o
LOAD ./Peripheral/src/ch32v20x_dbgmcu.o
LOAD ./Peripheral/src/ch32v20x_dma.o
LOAD ./Peripheral/src/ch32v20x_exti.o
LOAD ./Peripheral/src/ch32v20x_flash.o
LOAD ./Peripheral/src/ch32v20x_gpio.o
LOAD ./Peripheral/src/ch32v20x_i2c.o
LOAD ./Peripheral/src/ch32v20x_iwdg.o
LOAD ./Peripheral/src/ch32v20x_misc.o
LOAD ./Peripheral/src/ch32v20x_opa.o
LOAD ./Peripheral/src/ch32v20x_pwr.o
LOAD ./Peripheral/src/ch32v20x_rcc.o
LOAD ./Peripheral/src/ch32v20x_rtc.o
LOAD ./Peripheral/src/ch32v20x_spi.o
LOAD ./Peripheral/src/ch32v20x_tim.o
LOAD ./Peripheral/src/ch32v20x_usart.o
LOAD ./Peripheral/src/ch32v20x_wwdg.o
LOAD ./Debug/debug.o
LOAD ./Core/core_riscv.o
LOAD c:/mounriver/mounriver_studio/toolchain/risc-v embedded gcc/bin/../lib/gcc/riscv-none-embed/8.2.0/rv32imacxw/ilp32\libgcc.a
LOAD c:/mounriver/mounriver_studio/toolchain/risc-v embedded gcc/bin/../lib/gcc/riscv-none-embed/8.2.0/../../../../riscv-none-embed/lib/rv32imacxw/ilp32\libg_nano.a
LOAD c:/mounriver/mounriver_studio/toolchain/risc-v embedded gcc/bin/../lib/gcc/riscv-none-embed/8.2.0/../../../../riscv-none-embed/lib/rv32imacxw/ilp32\libc_nano.a
LOAD c:/mounriver/mounriver_studio/toolchain/risc-v embedded gcc/bin/../lib/gcc/riscv-none-embed/8.2.0/rv32imacxw/ilp32\libgcc.a
START GROUP
LOAD c:/mounriver/mounriver_studio/toolchain/risc-v embedded gcc/bin/../lib/gcc/riscv-none-embed/8.2.0/rv32imacxw/ilp32\libgcc.a
LOAD c:/mounriver/mounriver_studio/toolchain/risc-v embedded gcc/bin/../lib/gcc/riscv-none-embed/8.2.0/../../../../riscv-none-embed/lib/rv32imacxw/ilp32\libc_nano.a
LOAD c:/mounriver/mounriver_studio/toolchain/risc-v embedded gcc/bin/../lib/gcc/riscv-none-embed/8.2.0/../../../../riscv-none-embed/lib/rv32imacxw/ilp32\libnosys.a
END GROUP
START GROUP
LOAD c:/mounriver/mounriver_studio/toolchain/risc-v embedded gcc/bin/../lib/gcc/riscv-none-embed/8.2.0/rv32imacxw/ilp32\libgcc.a
LOAD c:/mounriver/mounriver_studio/toolchain/risc-v embedded gcc/bin/../lib/gcc/riscv-none-embed/8.2.0/../../../../riscv-none-embed/lib/rv32imacxw/ilp32\libc_nano.a
LOAD c:/mounriver/mounriver_studio/toolchain/risc-v embedded gcc/bin/../lib/gcc/riscv-none-embed/8.2.0/../../../../riscv-none-embed/lib/rv32imacxw/ilp32\libnosys.a
END GROUP
                0x0000000000000800                __stack_size = 0x800
                [!provide]                        PROVIDE (_stack_size = __stack_size)

.init           0x0000000000000000        0x4
                0x0000000000000000                _sinit = .
                0x0000000000000000                . = ALIGN (0x4)
 *(SORT_NONE(.init))
 .init          0x0000000000000000        0x4 ./Startup/startup_ch32v20x_D6.o
                0x0000000000000000                _start
                0x0000000000000004                . = ALIGN (0x4)
                0x0000000000000004                _einit = .

.vector         0x0000000000000004       0xfc
 *(.vector)
 .vector        0x0000000000000004       0xfc ./Startup/startup_ch32v20x_D6.o
                0x0000000000000100                . = ALIGN (0x40)

.text           0x0000000000000100     0x217c
                0x0000000000000100                . = ALIGN (0x4)
 *(.text)
 .text          0x0000000000000100       0x60 c:/mounriver/mounriver_studio/toolchain/risc-v embedded gcc/bin/../lib/gcc/riscv-none-embed/8.2.0/rv32imacxw/ilp32\libgcc.a(save-restore.o)
                0x0000000000000100                __riscv_save_12
                0x0000000000000108                __riscv_save_9
                0x0000000000000108                __riscv_save_11
                0x0000000000000108                __riscv_save_10
                0x0000000000000108                __riscv_save_8
                0x0000000000000116                __riscv_save_4
                0x0000000000000116                __riscv_save_6
                0x0000000000000116                __riscv_save_5
                0x0000000000000116                __riscv_save_7
                0x0000000000000130                __riscv_save_3
                0x0000000000000130                __riscv_save_2
                0x0000000000000130                __riscv_save_1
                0x0000000000000130                __riscv_save_0
                0x000000000000013c                __riscv_restore_12
                0x0000000000000140                __riscv_restore_11
                0x0000000000000140                __riscv_restore_9
                0x0000000000000140                __riscv_restore_10
                0x0000000000000140                __riscv_restore_8
                0x000000000000014a                __riscv_restore_5
                0x000000000000014a                __riscv_restore_7
                0x000000000000014a                __riscv_restore_6
                0x000000000000014a                __riscv_restore_4
                0x0000000000000154                __riscv_restore_3
                0x0000000000000154                __riscv_restore_0
                0x0000000000000154                __riscv_restore_2
                0x0000000000000154                __riscv_restore_1
 .text          0x0000000000000160       0xa8 c:/mounriver/mounriver_studio/toolchain/risc-v embedded gcc/bin/../lib/gcc/riscv-none-embed/8.2.0/../../../../riscv-none-embed/lib/rv32imacxw/ilp32\libg_nano.a(lib_a-memset.o)
                0x0000000000000160                memset
 *(.text.*)
 .text.NMI_Handler
                0x0000000000000208        0x2 ./User/ch32v20x_it.o
                0x0000000000000208                NMI_Handler
 .text.HardFault_Handler
                0x000000000000020a        0x2 ./User/ch32v20x_it.o
                0x000000000000020a                HardFault_Handler
 .text.handle_ir_interrupt
                0x000000000000020c       0x70 ./User/data.o
                0x000000000000020c                handle_ir_interrupt
 .text.get_ir_packet
                0x000000000000027c       0x2a ./User/data.o
                0x000000000000027c                get_ir_packet
 .text.micros   0x00000000000002a6       0x26 ./User/lana.o
                0x00000000000002a6                micros
 .text.millis   0x00000000000002cc       0x10 ./User/lana.o
                0x00000000000002cc                millis
 .text.delay_ms
                0x00000000000002dc       0x16 ./User/lana.o
                0x00000000000002dc                delay_ms
 .text.SysTick_Handler
                0x00000000000002f2       0x16 ./User/lana.o
                0x00000000000002f2                SysTick_Handler
 .text.init_leds
                0x0000000000000308       0x54 ./User/leds.o
                0x0000000000000308                init_leds
 .text.led_sendbit
                0x000000000000035c       0x9e ./User/leds.o
                0x000000000000035c                led_sendbit
 .text.send_color
                0x00000000000003fa       0x48 ./User/leds.o
                0x00000000000003fa                send_color
 .text.color    0x0000000000000442        0xa ./User/leds.o
                0x0000000000000442                color
 .text.set_led  0x000000000000044c       0x30 ./User/leds.o
                0x000000000000044c                set_led
 .text.fill     0x000000000000047c       0x18 ./User/leds.o
                0x000000000000047c                fill
 .text.write_leds
                0x0000000000000494       0x38 ./User/leds.o
                0x0000000000000494                write_leds
 .text.EXTI3_IRQHandler
                0x00000000000004cc       0x56 ./User/main.o
                0x00000000000004cc                EXTI3_IRQHandler
 .text.EXTI9_5_IRQHandler
                0x0000000000000522       0x5a ./User/main.o
                0x0000000000000522                EXTI9_5_IRQHandler
 .text.startup.main
                0x000000000000057c       0x82 ./User/main.o
                0x000000000000057c                main
 .text.SystemInit
                0x00000000000005fe       0xa8 ./User/system_ch32v20x.o
                0x00000000000005fe                SystemInit
 .text.SystemCoreClockUpdate
                0x00000000000006a6       0x92 ./User/system_ch32v20x.o
                0x00000000000006a6                SystemCoreClockUpdate
 .text.vector_handler
                0x0000000000000738        0x2 ./Startup/startup_ch32v20x_D6.o
                0x0000000000000738                EXTI2_IRQHandler
                0x0000000000000738                TIM1_CC_IRQHandler
                0x0000000000000738                PVD_IRQHandler
                0x0000000000000738                USBFS_IRQHandler
                0x0000000000000738                EXTI0_IRQHandler
                0x0000000000000738                I2C2_EV_IRQHandler
                0x0000000000000738                ADC1_2_IRQHandler
                0x0000000000000738                Break_Point_Handler
                0x0000000000000738                SPI1_IRQHandler
                0x0000000000000738                TAMPER_IRQHandler
                0x0000000000000738                Ecall_M_Mode_Handler
                0x0000000000000738                DMA1_Channel4_IRQHandler
                0x0000000000000738                USART3_IRQHandler
                0x0000000000000738                RTC_IRQHandler
                0x0000000000000738                DMA1_Channel7_IRQHandler
                0x0000000000000738                CAN1_RX1_IRQHandler
                0x0000000000000738                TIM4_IRQHandler
                0x0000000000000738                I2C1_EV_IRQHandler
                0x0000000000000738                DMA1_Channel6_IRQHandler
                0x0000000000000738                UART4_IRQHandler
                0x0000000000000738                TIM3_IRQHandler
                0x0000000000000738                RCC_IRQHandler
                0x0000000000000738                TIM1_TRG_COM_IRQHandler
                0x0000000000000738                DMA1_Channel1_IRQHandler
                0x0000000000000738                EXTI15_10_IRQHandler
                0x0000000000000738                DMA1_Channel8_IRQHandler
                0x0000000000000738                SPI2_IRQHandler
                0x0000000000000738                DMA1_Channel5_IRQHandler
                0x0000000000000738                EXTI4_IRQHandler
                0x0000000000000738                USB_LP_CAN1_RX0_IRQHandler
                0x0000000000000738                USB_HP_CAN1_TX_IRQHandler
                0x0000000000000738                DMA1_Channel3_IRQHandler
                0x0000000000000738                TIM1_UP_IRQHandler
                0x0000000000000738                WWDG_IRQHandler
                0x0000000000000738                Ecall_U_Mode_Handler
                0x0000000000000738                TIM2_IRQHandler
                0x0000000000000738                SW_Handler
                0x0000000000000738                TIM1_BRK_IRQHandler
                0x0000000000000738                EXTI1_IRQHandler
                0x0000000000000738                RTCAlarm_IRQHandler
                0x0000000000000738                USART2_IRQHandler
                0x0000000000000738                I2C2_ER_IRQHandler
                0x0000000000000738                DMA1_Channel2_IRQHandler
                0x0000000000000738                CAN1_SCE_IRQHandler
                0x0000000000000738                FLASH_IRQHandler
                0x0000000000000738                USBFSWakeUp_IRQHandler
                0x0000000000000738                USART1_IRQHandler
                0x0000000000000738                I2C1_ER_IRQHandler
                0x0000000000000738                USBWakeUp_IRQHandler
 .text.handle_reset
                0x000000000000073a       0x86 ./Startup/startup_ch32v20x_D6.o
                0x000000000000073a                handle_reset
 .text.DBGMCU_GetCHIPID
                0x00000000000007c0        0xa ./Peripheral/src/ch32v20x_dbgmcu.o
                0x00000000000007c0                DBGMCU_GetCHIPID
 .text.EXTI_GetITStatus
                0x00000000000007ca       0x1e ./Peripheral/src/ch32v20x_exti.o
                0x00000000000007ca                EXTI_GetITStatus
 .text.EXTI_ClearITPendingBit
                0x00000000000007e8        0xa ./Peripheral/src/ch32v20x_exti.o
                0x00000000000007e8                EXTI_ClearITPendingBit
 .text.GPIO_Init
                0x00000000000007f2       0xf2 ./Peripheral/src/ch32v20x_gpio.o
                0x00000000000007f2                GPIO_Init
 .text.GPIO_PinRemapConfig
                0x00000000000008e4       0xf2 ./Peripheral/src/ch32v20x_gpio.o
                0x00000000000008e4                GPIO_PinRemapConfig
 .text.NVIC_PriorityGroupConfig
                0x00000000000009d6        0x6 ./Peripheral/src/ch32v20x_misc.o
                0x00000000000009d6                NVIC_PriorityGroupConfig
 .text.RCC_GetClocksFreq
                0x00000000000009dc       0xbe ./Peripheral/src/ch32v20x_rcc.o
                0x00000000000009dc                RCC_GetClocksFreq
 .text.RCC_APB2PeriphClockCmd
                0x0000000000000a9a       0x1e ./Peripheral/src/ch32v20x_rcc.o
                0x0000000000000a9a                RCC_APB2PeriphClockCmd
 .text.RCC_APB1PeriphClockCmd
                0x0000000000000ab8       0x1e ./Peripheral/src/ch32v20x_rcc.o
                0x0000000000000ab8                RCC_APB1PeriphClockCmd
 .text.USART_Init
                0x0000000000000ad6       0x8e ./Peripheral/src/ch32v20x_usart.o
                0x0000000000000ad6                USART_Init
 .text.USART_Cmd
                0x0000000000000b64       0x16 ./Peripheral/src/ch32v20x_usart.o
                0x0000000000000b64                USART_Cmd
 .text.USART_SendData
                0x0000000000000b7a        0x8 ./Peripheral/src/ch32v20x_usart.o
                0x0000000000000b7a                USART_SendData
 .text.USART_GetFlagStatus
                0x0000000000000b82        0xa ./Peripheral/src/ch32v20x_usart.o
                0x0000000000000b82                USART_GetFlagStatus
 .text.USART_Printf_Init
                0x0000000000000b8c       0x56 ./Debug/debug.o
                0x0000000000000b8c                USART_Printf_Init
 .text._write   0x0000000000000be2       0x3a ./Debug/debug.o
                0x0000000000000be2                _write
 .text._sbrk    0x0000000000000c1c       0x26 ./Debug/debug.o
                0x0000000000000c1c                _sbrk
 .text.__udivdi3
                0x0000000000000c42      0x392 c:/mounriver/mounriver_studio/toolchain/risc-v embedded gcc/bin/../lib/gcc/riscv-none-embed/8.2.0/rv32imacxw/ilp32\libgcc.a(_udivdi3.o)
                0x0000000000000c42                __udivdi3
 .text.printf   0x0000000000000fd4       0x3e c:/mounriver/mounriver_studio/toolchain/risc-v embedded gcc/bin/../lib/gcc/riscv-none-embed/8.2.0/../../../../riscv-none-embed/lib/rv32imacxw/ilp32\libg_nano.a(lib_a-printf.o)
                0x0000000000000fd4                iprintf
                0x0000000000000fd4                printf
 .text.std      0x0000000000001012       0x66 c:/mounriver/mounriver_studio/toolchain/risc-v embedded gcc/bin/../lib/gcc/riscv-none-embed/8.2.0/../../../../riscv-none-embed/lib/rv32imacxw/ilp32\libg_nano.a(lib_a-findfp.o)
 .text._cleanup_r
                0x0000000000001078        0xa c:/mounriver/mounriver_studio/toolchain/risc-v embedded gcc/bin/../lib/gcc/riscv-none-embed/8.2.0/../../../../riscv-none-embed/lib/rv32imacxw/ilp32\libg_nano.a(lib_a-findfp.o)
                0x0000000000001078                _cleanup_r
 .text.__sfmoreglue
                0x0000000000001082       0x46 c:/mounriver/mounriver_studio/toolchain/risc-v embedded gcc/bin/../lib/gcc/riscv-none-embed/8.2.0/../../../../riscv-none-embed/lib/rv32imacxw/ilp32\libg_nano.a(lib_a-findfp.o)
                0x0000000000001082                __sfmoreglue
 .text.__sinit  0x00000000000010c8       0x66 c:/mounriver/mounriver_studio/toolchain/risc-v embedded gcc/bin/../lib/gcc/riscv-none-embed/8.2.0/../../../../riscv-none-embed/lib/rv32imacxw/ilp32\libg_nano.a(lib_a-findfp.o)
                0x00000000000010c8                __sinit
 .text.__sfp    0x000000000000112e       0x9c c:/mounriver/mounriver_studio/toolchain/risc-v embedded gcc/bin/../lib/gcc/riscv-none-embed/8.2.0/../../../../riscv-none-embed/lib/rv32imacxw/ilp32\libg_nano.a(lib_a-findfp.o)
                0x000000000000112e                __sfp
 .text._fwalk_reent
                0x00000000000011ca       0x6a c:/mounriver/mounriver_studio/toolchain/risc-v embedded gcc/bin/../lib/gcc/riscv-none-embed/8.2.0/../../../../riscv-none-embed/lib/rv32imacxw/ilp32\libg_nano.a(lib_a-fwalk.o)
                0x00000000000011ca                _fwalk_reent
 .text._malloc_r
                0x0000000000001234       0xd4 c:/mounriver/mounriver_studio/toolchain/risc-v embedded gcc/bin/../lib/gcc/riscv-none-embed/8.2.0/../../../../riscv-none-embed/lib/rv32imacxw/ilp32\libg_nano.a(lib_a-nano-mallocr.o)
                0x0000000000001234                _malloc_r
 .text.__sfputc_r
                0x0000000000001308       0x26 c:/mounriver/mounriver_studio/toolchain/risc-v embedded gcc/bin/../lib/gcc/riscv-none-embed/8.2.0/../../../../riscv-none-embed/lib/rv32imacxw/ilp32\libg_nano.a(lib_a-nano-vfprintf.o)
 .text.__sfputs_r
                0x000000000000132e       0x40 c:/mounriver/mounriver_studio/toolchain/risc-v embedded gcc/bin/../lib/gcc/riscv-none-embed/8.2.0/../../../../riscv-none-embed/lib/rv32imacxw/ilp32\libg_nano.a(lib_a-nano-vfprintf.o)
                0x000000000000132e                __sfputs_r
 .text._vfprintf_r
                0x000000000000136e      0x288 c:/mounriver/mounriver_studio/toolchain/risc-v embedded gcc/bin/../lib/gcc/riscv-none-embed/8.2.0/../../../../riscv-none-embed/lib/rv32imacxw/ilp32\libg_nano.a(lib_a-nano-vfprintf.o)
                0x000000000000136e                _vfprintf_r
                0x000000000000136e                _vfiprintf_r
 .text._printf_common
                0x00000000000015f6      0x10c c:/mounriver/mounriver_studio/toolchain/risc-v embedded gcc/bin/../lib/gcc/riscv-none-embed/8.2.0/../../../../riscv-none-embed/lib/rv32imacxw/ilp32\libg_nano.a(lib_a-nano-vfprintf_i.o)
                0x00000000000015f6                _printf_common
 .text._printf_i
                0x0000000000001702      0x2a0 c:/mounriver/mounriver_studio/toolchain/risc-v embedded gcc/bin/../lib/gcc/riscv-none-embed/8.2.0/../../../../riscv-none-embed/lib/rv32imacxw/ilp32\libg_nano.a(lib_a-nano-vfprintf_i.o)
                0x0000000000001702                _printf_i
 .text._sbrk_r  0x00000000000019a2       0x2a c:/mounriver/mounriver_studio/toolchain/risc-v embedded gcc/bin/../lib/gcc/riscv-none-embed/8.2.0/../../../../riscv-none-embed/lib/rv32imacxw/ilp32\libg_nano.a(lib_a-sbrkr.o)
                0x00000000000019a2                _sbrk_r
 .text.__sread  0x00000000000019cc       0x2c c:/mounriver/mounriver_studio/toolchain/risc-v embedded gcc/bin/../lib/gcc/riscv-none-embed/8.2.0/../../../../riscv-none-embed/lib/rv32imacxw/ilp32\libg_nano.a(lib_a-stdio.o)
                0x00000000000019cc                __sread
 .text.__swrite
                0x00000000000019f8       0x48 c:/mounriver/mounriver_studio/toolchain/risc-v embedded gcc/bin/../lib/gcc/riscv-none-embed/8.2.0/../../../../riscv-none-embed/lib/rv32imacxw/ilp32\libg_nano.a(lib_a-stdio.o)
                0x00000000000019f8                __swrite
 .text.__sseek  0x0000000000001a40       0x30 c:/mounriver/mounriver_studio/toolchain/risc-v embedded gcc/bin/../lib/gcc/riscv-none-embed/8.2.0/../../../../riscv-none-embed/lib/rv32imacxw/ilp32\libg_nano.a(lib_a-stdio.o)
                0x0000000000001a40                __sseek
 .text.__sclose
                0x0000000000001a70        0x6 c:/mounriver/mounriver_studio/toolchain/risc-v embedded gcc/bin/../lib/gcc/riscv-none-embed/8.2.0/../../../../riscv-none-embed/lib/rv32imacxw/ilp32\libg_nano.a(lib_a-stdio.o)
                0x0000000000001a70                __sclose
 .text.__swbuf_r
                0x0000000000001a76       0xbe c:/mounriver/mounriver_studio/toolchain/risc-v embedded gcc/bin/../lib/gcc/riscv-none-embed/8.2.0/../../../../riscv-none-embed/lib/rv32imacxw/ilp32\libg_nano.a(lib_a-wbuf.o)
                0x0000000000001a76                __swbuf_r
 .text._write_r
                0x0000000000001b34       0x2e c:/mounriver/mounriver_studio/toolchain/risc-v embedded gcc/bin/../lib/gcc/riscv-none-embed/8.2.0/../../../../riscv-none-embed/lib/rv32imacxw/ilp32\libg_nano.a(lib_a-writer.o)
                0x0000000000001b34                _write_r
 .text.__swsetup_r
                0x0000000000001b62       0xfe c:/mounriver/mounriver_studio/toolchain/risc-v embedded gcc/bin/../lib/gcc/riscv-none-embed/8.2.0/../../../../riscv-none-embed/lib/rv32imacxw/ilp32\libg_nano.a(lib_a-wsetup.o)
                0x0000000000001b62                __swsetup_r
 .text._close_r
                0x0000000000001c60       0x28 c:/mounriver/mounriver_studio/toolchain/risc-v embedded gcc/bin/../lib/gcc/riscv-none-embed/8.2.0/../../../../riscv-none-embed/lib/rv32imacxw/ilp32\libg_nano.a(lib_a-closer.o)
                0x0000000000001c60                _close_r
 .text.__sflush_r
                0x0000000000001c88      0x130 c:/mounriver/mounriver_studio/toolchain/risc-v embedded gcc/bin/../lib/gcc/riscv-none-embed/8.2.0/../../../../riscv-none-embed/lib/rv32imacxw/ilp32\libg_nano.a(lib_a-fflush.o)
                0x0000000000001c88                __sflush_r
 .text._fflush_r
                0x0000000000001db8       0x66 c:/mounriver/mounriver_studio/toolchain/risc-v embedded gcc/bin/../lib/gcc/riscv-none-embed/8.2.0/../../../../riscv-none-embed/lib/rv32imacxw/ilp32\libg_nano.a(lib_a-fflush.o)
                0x0000000000001db8                _fflush_r
 .text._lseek_r
                0x0000000000001e1e       0x2c c:/mounriver/mounriver_studio/toolchain/risc-v embedded gcc/bin/../lib/gcc/riscv-none-embed/8.2.0/../../../../riscv-none-embed/lib/rv32imacxw/ilp32\libg_nano.a(lib_a-lseekr.o)
                0x0000000000001e1e                _lseek_r
 .text.__swhatbuf_r
                0x0000000000001e4a       0x56 c:/mounriver/mounriver_studio/toolchain/risc-v embedded gcc/bin/../lib/gcc/riscv-none-embed/8.2.0/../../../../riscv-none-embed/lib/rv32imacxw/ilp32\libg_nano.a(lib_a-makebuf.o)
                0x0000000000001e4a                __swhatbuf_r
 .text.__smakebuf_r
                0x0000000000001ea0       0x90 c:/mounriver/mounriver_studio/toolchain/risc-v embedded gcc/bin/../lib/gcc/riscv-none-embed/8.2.0/../../../../riscv-none-embed/lib/rv32imacxw/ilp32\libg_nano.a(lib_a-makebuf.o)
                0x0000000000001ea0                __smakebuf_r
 .text.memchr   0x0000000000001f30       0x18 c:/mounriver/mounriver_studio/toolchain/risc-v embedded gcc/bin/../lib/gcc/riscv-none-embed/8.2.0/../../../../riscv-none-embed/lib/rv32imacxw/ilp32\libg_nano.a(lib_a-memchr.o)
                0x0000000000001f30                memchr
 .text.__malloc_lock
                0x0000000000001f48        0x2 c:/mounriver/mounriver_studio/toolchain/risc-v embedded gcc/bin/../lib/gcc/riscv-none-embed/8.2.0/../../../../riscv-none-embed/lib/rv32imacxw/ilp32\libg_nano.a(lib_a-mlock.o)
                0x0000000000001f48                __malloc_lock
 .text.__malloc_unlock
                0x0000000000001f4a        0x2 c:/mounriver/mounriver_studio/toolchain/risc-v embedded gcc/bin/../lib/gcc/riscv-none-embed/8.2.0/../../../../riscv-none-embed/lib/rv32imacxw/ilp32\libg_nano.a(lib_a-mlock.o)
                0x0000000000001f4a                __malloc_unlock
 .text._free_r  0x0000000000001f4c       0xa4 c:/mounriver/mounriver_studio/toolchain/risc-v embedded gcc/bin/../lib/gcc/riscv-none-embed/8.2.0/../../../../riscv-none-embed/lib/rv32imacxw/ilp32\libg_nano.a(lib_a-nano-freer.o)
                0x0000000000001f4c                _free_r
 .text._read_r  0x0000000000001ff0       0x2c c:/mounriver/mounriver_studio/toolchain/risc-v embedded gcc/bin/../lib/gcc/riscv-none-embed/8.2.0/../../../../riscv-none-embed/lib/rv32imacxw/ilp32\libg_nano.a(lib_a-readr.o)
                0x0000000000001ff0                _read_r
 .text._fstat_r
                0x000000000000201c       0x2a c:/mounriver/mounriver_studio/toolchain/risc-v embedded gcc/bin/../lib/gcc/riscv-none-embed/8.2.0/../../../../riscv-none-embed/lib/rv32imacxw/ilp32\libg_nano.a(lib_a-fstatr.o)
                0x000000000000201c                _fstat_r
 .text._isatty_r
                0x0000000000002046       0x28 c:/mounriver/mounriver_studio/toolchain/risc-v embedded gcc/bin/../lib/gcc/riscv-none-embed/8.2.0/../../../../riscv-none-embed/lib/rv32imacxw/ilp32\libg_nano.a(lib_a-isattyr.o)
                0x0000000000002046                _isatty_r
 .text._close   0x000000000000206e        0xc c:/mounriver/mounriver_studio/toolchain/risc-v embedded gcc/bin/../lib/gcc/riscv-none-embed/8.2.0/../../../../riscv-none-embed/lib/rv32imacxw/ilp32\libnosys.a(close.o)
                0x000000000000206e                _close
 .text._fstat   0x000000000000207a        0xc c:/mounriver/mounriver_studio/toolchain/risc-v embedded gcc/bin/../lib/gcc/riscv-none-embed/8.2.0/../../../../riscv-none-embed/lib/rv32imacxw/ilp32\libnosys.a(fstat.o)
                0x000000000000207a                _fstat
 .text._isatty  0x0000000000002086        0xc c:/mounriver/mounriver_studio/toolchain/risc-v embedded gcc/bin/../lib/gcc/riscv-none-embed/8.2.0/../../../../riscv-none-embed/lib/rv32imacxw/ilp32\libnosys.a(isatty.o)
                0x0000000000002086                _isatty
 .text._lseek   0x0000000000002092        0xc c:/mounriver/mounriver_studio/toolchain/risc-v embedded gcc/bin/../lib/gcc/riscv-none-embed/8.2.0/../../../../riscv-none-embed/lib/rv32imacxw/ilp32\libnosys.a(lseek.o)
                0x0000000000002092                _lseek
 .text._read    0x000000000000209e        0xc c:/mounriver/mounriver_studio/toolchain/risc-v embedded gcc/bin/../lib/gcc/riscv-none-embed/8.2.0/../../../../riscv-none-embed/lib/rv32imacxw/ilp32\libnosys.a(read.o)
                0x000000000000209e                _read
 *(.rodata)
 *(.rodata*)
 *fill*         0x00000000000020aa        0x2 
 .rodata.handle_ir_interrupt.str1.4
                0x00000000000020ac        0xc ./User/data.o
 .rodata.main.str1.4
                0x00000000000020b8       0x25 ./User/main.o
 *fill*         0x00000000000020dd        0x3 
 .rodata.__clz_tab
                0x00000000000020e0      0x100 c:/mounriver/mounriver_studio/toolchain/risc-v embedded gcc/bin/../lib/gcc/riscv-none-embed/8.2.0/rv32imacxw/ilp32\libgcc.a(_clz.o)
                0x00000000000020e0                __clz_tab
 .rodata.__sf_fake_stderr
                0x00000000000021e0       0x20 c:/mounriver/mounriver_studio/toolchain/risc-v embedded gcc/bin/../lib/gcc/riscv-none-embed/8.2.0/../../../../riscv-none-embed/lib/rv32imacxw/ilp32\libg_nano.a(lib_a-findfp.o)
                0x00000000000021e0                __sf_fake_stderr
 .rodata.__sf_fake_stdin
                0x0000000000002200       0x20 c:/mounriver/mounriver_studio/toolchain/risc-v embedded gcc/bin/../lib/gcc/riscv-none-embed/8.2.0/../../../../riscv-none-embed/lib/rv32imacxw/ilp32\libg_nano.a(lib_a-findfp.o)
                0x0000000000002200                __sf_fake_stdin
 .rodata.__sf_fake_stdout
                0x0000000000002220       0x20 c:/mounriver/mounriver_studio/toolchain/risc-v embedded gcc/bin/../lib/gcc/riscv-none-embed/8.2.0/../../../../riscv-none-embed/lib/rv32imacxw/ilp32\libg_nano.a(lib_a-findfp.o)
                0x0000000000002220                __sf_fake_stdout
 .rodata._vfprintf_r.str1.4
                0x0000000000002240       0x13 c:/mounriver/mounriver_studio/toolchain/risc-v embedded gcc/bin/../lib/gcc/riscv-none-embed/8.2.0/../../../../riscv-none-embed/lib/rv32imacxw/ilp32\libg_nano.a(lib_a-nano-vfprintf.o)
 *fill*         0x0000000000002253        0x1 
 .rodata._printf_i.str1.4
                0x0000000000002254       0x28 c:/mounriver/mounriver_studio/toolchain/risc-v embedded gcc/bin/../lib/gcc/riscv-none-embed/8.2.0/../../../../riscv-none-embed/lib/rv32imacxw/ilp32\libg_nano.a(lib_a-nano-vfprintf_i.o)
                                         0x25 (size before relaxing)
 *(.gnu.linkonce.t.*)
                0x000000000000227c                . = ALIGN (0x4)

.rela.dyn       0x000000000000227c        0x0
 .rela.init     0x000000000000227c        0x0 ./User/ch32v20x_it.o
 .rela.vector   0x000000000000227c        0x0 ./User/ch32v20x_it.o
 .rela.text.handle_reset
                0x000000000000227c        0x0 ./User/ch32v20x_it.o
 .rela.text._sbrk
                0x000000000000227c        0x0 ./User/ch32v20x_it.o
 .rela.sdata.curbrk.4654
                0x000000000000227c        0x0 ./User/ch32v20x_it.o
 .rela.text._vfprintf_r
                0x000000000000227c        0x0 ./User/ch32v20x_it.o
 .rela.text._sbrk_r
                0x000000000000227c        0x0 ./User/ch32v20x_it.o
 .rela.text._write_r
                0x000000000000227c        0x0 ./User/ch32v20x_it.o
 .rela.text._close_r
                0x000000000000227c        0x0 ./User/ch32v20x_it.o
 .rela.text._lseek_r
                0x000000000000227c        0x0 ./User/ch32v20x_it.o
 .rela.text._read_r
                0x000000000000227c        0x0 ./User/ch32v20x_it.o
 .rela.text._fstat_r
                0x000000000000227c        0x0 ./User/ch32v20x_it.o
 .rela.text._isatty_r
                0x000000000000227c        0x0 ./User/ch32v20x_it.o
 .rela.text._close
                0x000000000000227c        0x0 ./User/ch32v20x_it.o
 .rela.text._fstat
                0x000000000000227c        0x0 ./User/ch32v20x_it.o
 .rela.text._isatty
                0x000000000000227c        0x0 ./User/ch32v20x_it.o
 .rela.text._lseek
                0x000000000000227c        0x0 ./User/ch32v20x_it.o
 .rela.text._read
                0x000000000000227c        0x0 ./User/ch32v20x_it.o

.fini           0x000000000000227c        0x0
 *(SORT_NONE(.fini))
                0x000000000000227c                . = ALIGN (0x4)
                [!provide]                        PROVIDE (_etext = .)
                [!provide]                        PROVIDE (_eitcm = .)

.preinit_array  0x000000000000227c        0x0
                [!provide]                        PROVIDE (__preinit_array_start = .)
 *(.preinit_array)
                [!provide]                        PROVIDE (__preinit_array_end = .)

.init_array     0x000000000000227c        0x0
                [!provide]                        PROVIDE (__init_array_start = .)
 *(SORT_BY_INIT_PRIORITY(.init_array.*) SORT_BY_INIT_PRIORITY(.ctors.*))
 *(.init_array EXCLUDE_FILE(*crtend?.o *crtend.o *crtbegin?.o *crtbegin.o) .ctors)
                [!provide]                        PROVIDE (__init_array_end = .)

.fini_array     0x000000000000227c        0x0
                [!provide]                        PROVIDE (__fini_array_start = .)
 *(SORT_BY_INIT_PRIORITY(.fini_array.*) SORT_BY_INIT_PRIORITY(.dtors.*))
 *(.fini_array EXCLUDE_FILE(*crtend?.o *crtend.o *crtbegin?.o *crtbegin.o) .dtors)
                [!provide]                        PROVIDE (__fini_array_end = .)

.ctors
 *crtbegin.o(.ctors)
 *crtbegin?.o(.ctors)
 *(EXCLUDE_FILE(*crtend?.o *crtend.o) .ctors)
 *(SORT_BY_NAME(.ctors.*))
 *(.ctors)

.dtors
 *crtbegin.o(.dtors)
 *crtbegin?.o(.dtors)
 *(EXCLUDE_FILE(*crtend?.o *crtend.o) .dtors)
 *(SORT_BY_NAME(.dtors.*))
 *(.dtors)

.dalign         0x0000000020000000        0x0 load address 0x000000000000227c
                0x0000000020000000                . = ALIGN (0x4)
                0x0000000020000000                PROVIDE (_data_vma = .)

.dlalign        0x000000000000227c        0x0
                0x000000000000227c                . = ALIGN (0x4)
                0x000000000000227c                PROVIDE (_data_lma = .)

.data           0x0000000020000000       0x98 load address 0x000000000000227c
 *(.gnu.linkonce.r.*)
 *(.data .data.*)
 .data.AHBPrescTable
                0x0000000020000000       0x10 ./User/system_ch32v20x.o
                0x0000000020000000                AHBPrescTable
 .data.APBAHBPrescTable
                0x0000000020000010       0x10 ./Peripheral/src/ch32v20x_rcc.o
 .data.impure_data
                0x0000000020000020       0x60 c:/mounriver/mounriver_studio/toolchain/risc-v embedded gcc/bin/../lib/gcc/riscv-none-embed/8.2.0/../../../../riscv-none-embed/lib/rv32imacxw/ilp32\libg_nano.a(lib_a-impure.o)
 *(.gnu.linkonce.d.*)
                0x0000000020000080                . = ALIGN (0x8)
                0x0000000020000880                PROVIDE (__global_pointer$ = (. + 0x800))
 *(.sdata .sdata.*)
 .sdata.SystemCoreClock
                0x0000000020000080        0x4 ./User/system_ch32v20x.o
                0x0000000020000080                SystemCoreClock
 .sdata.ADCPrescTable
                0x0000000020000084        0x4 ./Peripheral/src/ch32v20x_rcc.o
 .sdata.curbrk.4654
                0x0000000020000088        0x4 ./Debug/debug.o
 .sdata._impure_ptr
                0x000000002000008c        0x4 c:/mounriver/mounriver_studio/toolchain/risc-v embedded gcc/bin/../lib/gcc/riscv-none-embed/8.2.0/../../../../riscv-none-embed/lib/rv32imacxw/ilp32\libg_nano.a(lib_a-impure.o)
                0x000000002000008c                _impure_ptr
 *(.sdata2.*)
 .sdata2._global_impure_ptr
                0x0000000020000090        0x4 c:/mounriver/mounriver_studio/toolchain/risc-v embedded gcc/bin/../lib/gcc/riscv-none-embed/8.2.0/../../../../riscv-none-embed/lib/rv32imacxw/ilp32\libg_nano.a(lib_a-impure.o)
                0x0000000020000090                _global_impure_ptr
 *(.gnu.linkonce.s.*)
                0x0000000020000098                . = ALIGN (0x8)
 *fill*         0x0000000020000094        0x4 
 *(.srodata.cst16)
 *(.srodata.cst8)
 *(.srodata.cst4)
 *(.srodata.cst2)
 *(.srodata .srodata.*)
                0x0000000020000098                . = ALIGN (0x4)
                0x0000000020000098                PROVIDE (_edata = .)

.bss            0x0000000020000098       0x40 load address 0x0000000000002314
                0x0000000020000098                . = ALIGN (0x4)
                0x0000000020000098                PROVIDE (_sbss = .)
 *(.sbss*)
 .sbss.ir_ticks
                0x0000000020000098        0x4 ./User/lana.o
                0x0000000020000098                ir_ticks
 .sbss.MCU_Version
                0x000000002000009c        0x1 ./Peripheral/src/ch32v20x_gpio.o
                0x000000002000009c                MCU_Version
 *fill*         0x000000002000009d        0x3 
 .sbss.NVIC_Priority_Group
                0x00000000200000a0        0x4 ./Peripheral/src/ch32v20x_misc.o
                0x00000000200000a0                NVIC_Priority_Group
 .sbss.__malloc_free_list
                0x00000000200000a4        0x4 c:/mounriver/mounriver_studio/toolchain/risc-v embedded gcc/bin/../lib/gcc/riscv-none-embed/8.2.0/../../../../riscv-none-embed/lib/rv32imacxw/ilp32\libg_nano.a(lib_a-nano-mallocr.o)
                0x00000000200000a4                __malloc_free_list
 .sbss.__malloc_sbrk_start
                0x00000000200000a8        0x4 c:/mounriver/mounriver_studio/toolchain/risc-v embedded gcc/bin/../lib/gcc/riscv-none-embed/8.2.0/../../../../riscv-none-embed/lib/rv32imacxw/ilp32\libg_nano.a(lib_a-nano-mallocr.o)
                0x00000000200000a8                __malloc_sbrk_start
 *(.gnu.linkonce.sb.*)
 *(.bss*)
 .bss.ir1_reader
                0x00000000200000ac        0xc ./User/data.o
                0x00000000200000ac                ir1_reader
 .bss.ir2_reader
                0x00000000200000b8        0xc ./User/data.o
                0x00000000200000b8                ir2_reader
 .bss.LedBuffer
                0x00000000200000c4        0xf ./User/leds.o
                0x00000000200000c4                LedBuffer
 *(.gnu.linkonce.b.*)
 *(COMMON*)
 *fill*         0x00000000200000d3        0x1 
 COMMON         0x00000000200000d4        0x4 c:/mounriver/mounriver_studio/toolchain/risc-v embedded gcc/bin/../lib/gcc/riscv-none-embed/8.2.0/../../../../riscv-none-embed/lib/rv32imacxw/ilp32\libg_nano.a(lib_a-reent.o)
                0x00000000200000d4                errno
                0x00000000200000d8                . = ALIGN (0x4)
                0x00000000200000d8                PROVIDE (_ebss = .)
                0x00000000200000d8                PROVIDE (_end = _ebss)
                [!provide]                        PROVIDE (end = .)

.stack          0x0000000020002000      0x800
                0x0000000020002000                PROVIDE (_heap_end = .)
                0x0000000020002000                . = ALIGN (0x4)
                [!provide]                        PROVIDE (_susrstack = .)
                0x0000000020002800                . = (. + __stack_size)
 *fill*         0x0000000020002000      0x800 
                0x0000000020002800                PROVIDE (_eusrstack = .)
OUTPUT(Blaster2024.elf elf32-littleriscv)

.debug_info     0x0000000000000000     0xc70a
 .debug_info    0x0000000000000000      0x962 ./User/ch32v20x_it.o
 .debug_info    0x0000000000000962      0xb51 ./User/data.o
 .debug_info    0x00000000000014b3     0x1b86 ./User/lana.o
 .debug_info    0x0000000000003039      0xee6 ./User/leds.o
 .debug_info    0x0000000000003f1f      0xfe8 ./User/main.o
 .debug_info    0x0000000000004f07      0xb3b ./User/system_ch32v20x.o
 .debug_info    0x0000000000005a42       0x22 ./Startup/startup_ch32v20x_D6.o
 .debug_info    0x0000000000005a64      0xa94 ./Peripheral/src/ch32v20x_dbgmcu.o
 .debug_info    0x00000000000064f8      0xc0d ./Peripheral/src/ch32v20x_exti.o
 .debug_info    0x0000000000007105     0x1354 ./Peripheral/src/ch32v20x_gpio.o
 .debug_info    0x0000000000008459      0xe6c ./Peripheral/src/ch32v20x_misc.o
 .debug_info    0x00000000000092c5     0x125c ./Peripheral/src/ch32v20x_rcc.o
 .debug_info    0x000000000000a521     0x1340 ./Peripheral/src/ch32v20x_usart.o
 .debug_info    0x000000000000b861      0xea9 ./Debug/debug.o

.debug_abbrev   0x0000000000000000     0x2754
 .debug_abbrev  0x0000000000000000      0x1cf ./User/ch32v20x_it.o
 .debug_abbrev  0x00000000000001cf      0x288 ./User/data.o
 .debug_abbrev  0x0000000000000457      0x46e ./User/lana.o
 .debug_abbrev  0x00000000000008c5      0x3cb ./User/leds.o
 .debug_abbrev  0x0000000000000c90      0x2b7 ./User/main.o
 .debug_abbrev  0x0000000000000f47      0x2b0 ./User/system_ch32v20x.o
 .debug_abbrev  0x00000000000011f7       0x12 ./Startup/startup_ch32v20x_D6.o
 .debug_abbrev  0x0000000000001209      0x2f7 ./Peripheral/src/ch32v20x_dbgmcu.o
 .debug_abbrev  0x0000000000001500      0x2da ./Peripheral/src/ch32v20x_exti.o
 .debug_abbrev  0x00000000000017da      0x34b ./Peripheral/src/ch32v20x_gpio.o
 .debug_abbrev  0x0000000000001b25      0x2ea ./Peripheral/src/ch32v20x_misc.o
 .debug_abbrev  0x0000000000001e0f      0x351 ./Peripheral/src/ch32v20x_rcc.o
 .debug_abbrev  0x0000000000002160      0x312 ./Peripheral/src/ch32v20x_usart.o
 .debug_abbrev  0x0000000000002472      0x2e2 ./Debug/debug.o

.debug_aranges  0x0000000000000000      0x5b0
 .debug_aranges
                0x0000000000000000       0x28 ./User/ch32v20x_it.o
 .debug_aranges
                0x0000000000000028       0x28 ./User/data.o
 .debug_aranges
                0x0000000000000050       0xa8 ./User/lana.o
 .debug_aranges
                0x00000000000000f8       0x68 ./User/leds.o
 .debug_aranges
                0x0000000000000160       0x38 ./User/main.o
 .debug_aranges
                0x0000000000000198       0x28 ./User/system_ch32v20x.o
 .debug_aranges
                0x00000000000001c0       0x30 ./Startup/startup_ch32v20x_D6.o
 .debug_aranges
                0x00000000000001f0       0x48 ./Peripheral/src/ch32v20x_dbgmcu.o
 .debug_aranges
                0x0000000000000238       0x50 ./Peripheral/src/ch32v20x_exti.o
 .debug_aranges
                0x0000000000000288       0xb0 ./Peripheral/src/ch32v20x_gpio.o
 .debug_aranges
                0x0000000000000338       0x28 ./Peripheral/src/ch32v20x_misc.o
 .debug_aranges
                0x0000000000000360      0x128 ./Peripheral/src/ch32v20x_rcc.o
 .debug_aranges
                0x0000000000000488       0xf0 ./Peripheral/src/ch32v20x_usart.o
 .debug_aranges
                0x0000000000000578       0x38 ./Debug/debug.o

.debug_ranges   0x0000000000000000      0x5d0
 .debug_ranges  0x0000000000000000       0x18 ./User/ch32v20x_it.o
 .debug_ranges  0x0000000000000018       0x48 ./User/data.o
 .debug_ranges  0x0000000000000060       0xd0 ./User/lana.o
 .debug_ranges  0x0000000000000130       0x88 ./User/leds.o
 .debug_ranges  0x00000000000001b8       0x40 ./User/main.o
 .debug_ranges  0x00000000000001f8       0x18 ./User/system_ch32v20x.o
 .debug_ranges  0x0000000000000210       0x28 ./Startup/startup_ch32v20x_D6.o
 .debug_ranges  0x0000000000000238       0x50 ./Peripheral/src/ch32v20x_dbgmcu.o
 .debug_ranges  0x0000000000000288       0x40 ./Peripheral/src/ch32v20x_exti.o
 .debug_ranges  0x00000000000002c8       0xa0 ./Peripheral/src/ch32v20x_gpio.o
 .debug_ranges  0x0000000000000368       0x48 ./Peripheral/src/ch32v20x_misc.o
 .debug_ranges  0x00000000000003b0      0x118 ./Peripheral/src/ch32v20x_rcc.o
 .debug_ranges  0x00000000000004c8       0xe0 ./Peripheral/src/ch32v20x_usart.o
 .debug_ranges  0x00000000000005a8       0x28 ./Debug/debug.o

.debug_line     0x0000000000000000     0x736e
 .debug_line    0x0000000000000000      0x240 ./User/ch32v20x_it.o
 .debug_line    0x0000000000000240      0x471 ./User/data.o
 .debug_line    0x00000000000006b1      0xc6d ./User/lana.o
 .debug_line    0x000000000000131e      0x9e3 ./User/leds.o
 .debug_line    0x0000000000001d01      0x6c3 ./User/main.o
 .debug_line    0x00000000000023c4      0x5bf ./User/system_ch32v20x.o
 .debug_line    0x0000000000002983      0x121 ./Startup/startup_ch32v20x_D6.o
 .debug_line    0x0000000000002aa4      0x387 ./Peripheral/src/ch32v20x_dbgmcu.o
 .debug_line    0x0000000000002e2b      0x5e3 ./Peripheral/src/ch32v20x_exti.o
 .debug_line    0x000000000000340e     0x1618 ./Peripheral/src/ch32v20x_gpio.o
 .debug_line    0x0000000000004a26      0x3ea ./Peripheral/src/ch32v20x_misc.o
 .debug_line    0x0000000000004e10     0x117c ./Peripheral/src/ch32v20x_rcc.o
 .debug_line    0x0000000000005f8c      0xe83 ./Peripheral/src/ch32v20x_usart.o
 .debug_line    0x0000000000006e0f      0x55f ./Debug/debug.o

.debug_str      0x0000000000000000     0x202b
 .debug_str     0x0000000000000000      0x550 ./User/ch32v20x_it.o
                                        0x5b7 (size before relaxing)
 .debug_str     0x0000000000000550      0x147 ./User/data.o
                                        0x6de (size before relaxing)
 .debug_str     0x0000000000000697      0x99e ./User/lana.o
                                        0xf86 (size before relaxing)
 .debug_str     0x0000000000001035       0x78 ./User/leds.o
                                        0x7b2 (size before relaxing)
 .debug_str     0x00000000000010ad      0x282 ./User/main.o
                                        0xb86 (size before relaxing)
 .debug_str     0x000000000000132f       0xd1 ./User/system_ch32v20x.o
                                        0x6a0 (size before relaxing)
 .debug_str     0x0000000000001400       0x2d ./Startup/startup_ch32v20x_D6.o
                                         0x6a (size before relaxing)
 .debug_str     0x000000000000142d       0x87 ./Peripheral/src/ch32v20x_dbgmcu.o
                                        0x647 (size before relaxing)
 .debug_str     0x00000000000014b4       0xc6 ./Peripheral/src/ch32v20x_exti.o
                                        0x78e (size before relaxing)
 .debug_str     0x000000000000157a      0x224 ./Peripheral/src/ch32v20x_gpio.o
                                        0x9bd (size before relaxing)
 .debug_str     0x000000000000179e       0x69 ./Peripheral/src/ch32v20x_misc.o
                                        0xa7f (size before relaxing)
 .debug_str     0x0000000000001807      0x3b1 ./Peripheral/src/ch32v20x_rcc.o
                                        0xabd (size before relaxing)
 .debug_str     0x0000000000001bb8      0x3ef ./Peripheral/src/ch32v20x_usart.o
                                        0xaeb (size before relaxing)
 .debug_str     0x0000000000001fa7       0x84 ./Debug/debug.o
                                        0x8fa (size before relaxing)

.comment        0x0000000000000000       0x33
 .comment       0x0000000000000000       0x33 ./User/ch32v20x_it.o
                                         0x34 (size before relaxing)
 .comment       0x0000000000000033       0x34 ./User/data.o
 .comment       0x0000000000000033       0x34 ./User/lana.o
 .comment       0x0000000000000033       0x34 ./User/leds.o
 .comment       0x0000000000000033       0x34 ./User/main.o
 .comment       0x0000000000000033       0x34 ./User/system_ch32v20x.o
 .comment       0x0000000000000033       0x34 ./Peripheral/src/ch32v20x_dbgmcu.o
 .comment       0x0000000000000033       0x34 ./Peripheral/src/ch32v20x_exti.o
 .comment       0x0000000000000033       0x34 ./Peripheral/src/ch32v20x_gpio.o
 .comment       0x0000000000000033       0x34 ./Peripheral/src/ch32v20x_misc.o
 .comment       0x0000000000000033       0x34 ./Peripheral/src/ch32v20x_rcc.o
 .comment       0x0000000000000033       0x34 ./Peripheral/src/ch32v20x_usart.o
 .comment       0x0000000000000033       0x34 ./Debug/debug.o

.debug_frame    0x0000000000000000     0x14bc
 .debug_frame   0x0000000000000000       0x30 ./User/ch32v20x_it.o
 .debug_frame   0x0000000000000030       0x40 ./User/data.o
 .debug_frame   0x0000000000000070      0x208 ./User/lana.o
 .debug_frame   0x0000000000000278      0x100 ./User/leds.o
 .debug_frame   0x0000000000000378      0x104 ./User/main.o
 .debug_frame   0x000000000000047c       0x30 ./User/system_ch32v20x.o
 .debug_frame   0x00000000000004ac       0x70 ./Peripheral/src/ch32v20x_dbgmcu.o
 .debug_frame   0x000000000000051c       0x90 ./Peripheral/src/ch32v20x_exti.o
 .debug_frame   0x00000000000005ac      0x170 ./Peripheral/src/ch32v20x_gpio.o
 .debug_frame   0x000000000000071c       0x30 ./Peripheral/src/ch32v20x_misc.o
 .debug_frame   0x000000000000074c      0x244 ./Peripheral/src/ch32v20x_rcc.o
 .debug_frame   0x0000000000000990      0x1e4 ./Peripheral/src/ch32v20x_usart.o
 .debug_frame   0x0000000000000b74       0x88 ./Debug/debug.o
 .debug_frame   0x0000000000000bfc       0x54 c:/mounriver/mounriver_studio/toolchain/risc-v embedded gcc/bin/../lib/gcc/riscv-none-embed/8.2.0/../../../../riscv-none-embed/lib/rv32imacxw/ilp32\libg_nano.a(lib_a-printf.o)
 .debug_frame   0x0000000000000c50      0x148 c:/mounriver/mounriver_studio/toolchain/risc-v embedded gcc/bin/../lib/gcc/riscv-none-embed/8.2.0/../../../../riscv-none-embed/lib/rv32imacxw/ilp32\libg_nano.a(lib_a-findfp.o)
 .debug_frame   0x0000000000000d98       0x88 c:/mounriver/mounriver_studio/toolchain/risc-v embedded gcc/bin/../lib/gcc/riscv-none-embed/8.2.0/../../../../riscv-none-embed/lib/rv32imacxw/ilp32\libg_nano.a(lib_a-fwalk.o)
 .debug_frame   0x0000000000000e20       0x40 c:/mounriver/mounriver_studio/toolchain/risc-v embedded gcc/bin/../lib/gcc/riscv-none-embed/8.2.0/../../../../riscv-none-embed/lib/rv32imacxw/ilp32\libg_nano.a(lib_a-nano-mallocr.o)
 .debug_frame   0x0000000000000e60       0xd0 c:/mounriver/mounriver_studio/toolchain/risc-v embedded gcc/bin/../lib/gcc/riscv-none-embed/8.2.0/../../../../riscv-none-embed/lib/rv32imacxw/ilp32\libg_nano.a(lib_a-nano-vfprintf.o)
 .debug_frame   0x0000000000000f30       0x8c c:/mounriver/mounriver_studio/toolchain/risc-v embedded gcc/bin/../lib/gcc/riscv-none-embed/8.2.0/../../../../riscv-none-embed/lib/rv32imacxw/ilp32\libg_nano.a(lib_a-nano-vfprintf_i.o)
 .debug_frame   0x0000000000000fbc       0x30 c:/mounriver/mounriver_studio/toolchain/risc-v embedded gcc/bin/../lib/gcc/riscv-none-embed/8.2.0/../../../../riscv-none-embed/lib/rv32imacxw/ilp32\libg_nano.a(lib_a-sbrkr.o)
 .debug_frame   0x0000000000000fec       0xa4 c:/mounriver/mounriver_studio/toolchain/risc-v embedded gcc/bin/../lib/gcc/riscv-none-embed/8.2.0/../../../../riscv-none-embed/lib/rv32imacxw/ilp32\libg_nano.a(lib_a-stdio.o)
 .debug_frame   0x0000000000001090       0x50 c:/mounriver/mounriver_studio/toolchain/risc-v embedded gcc/bin/../lib/gcc/riscv-none-embed/8.2.0/../../../../riscv-none-embed/lib/rv32imacxw/ilp32\libg_nano.a(lib_a-wbuf.o)
 .debug_frame   0x00000000000010e0       0x30 c:/mounriver/mounriver_studio/toolchain/risc-v embedded gcc/bin/../lib/gcc/riscv-none-embed/8.2.0/../../../../riscv-none-embed/lib/rv32imacxw/ilp32\libg_nano.a(lib_a-writer.o)
 .debug_frame   0x0000000000001110       0x3c c:/mounriver/mounriver_studio/toolchain/risc-v embedded gcc/bin/../lib/gcc/riscv-none-embed/8.2.0/../../../../riscv-none-embed/lib/rv32imacxw/ilp32\libg_nano.a(lib_a-wsetup.o)
 .debug_frame   0x000000000000114c       0x30 c:/mounriver/mounriver_studio/toolchain/risc-v embedded gcc/bin/../lib/gcc/riscv-none-embed/8.2.0/../../../../riscv-none-embed/lib/rv32imacxw/ilp32\libg_nano.a(lib_a-closer.o)
 .debug_frame   0x000000000000117c       0x7c c:/mounriver/mounriver_studio/toolchain/risc-v embedded gcc/bin/../lib/gcc/riscv-none-embed/8.2.0/../../../../riscv-none-embed/lib/rv32imacxw/ilp32\libg_nano.a(lib_a-fflush.o)
 .debug_frame   0x00000000000011f8       0x30 c:/mounriver/mounriver_studio/toolchain/risc-v embedded gcc/bin/../lib/gcc/riscv-none-embed/8.2.0/../../../../riscv-none-embed/lib/rv32imacxw/ilp32\libg_nano.a(lib_a-lseekr.o)
 .debug_frame   0x0000000000001228       0x64 c:/mounriver/mounriver_studio/toolchain/risc-v embedded gcc/bin/../lib/gcc/riscv-none-embed/8.2.0/../../../../riscv-none-embed/lib/rv32imacxw/ilp32\libg_nano.a(lib_a-makebuf.o)
 .debug_frame   0x000000000000128c       0x20 c:/mounriver/mounriver_studio/toolchain/risc-v embedded gcc/bin/../lib/gcc/riscv-none-embed/8.2.0/../../../../riscv-none-embed/lib/rv32imacxw/ilp32\libg_nano.a(lib_a-memchr.o)
 .debug_frame   0x00000000000012ac       0x30 c:/mounriver/mounriver_studio/toolchain/risc-v embedded gcc/bin/../lib/gcc/riscv-none-embed/8.2.0/../../../../riscv-none-embed/lib/rv32imacxw/ilp32\libg_nano.a(lib_a-mlock.o)
 .debug_frame   0x00000000000012dc       0x40 c:/mounriver/mounriver_studio/toolchain/risc-v embedded gcc/bin/../lib/gcc/riscv-none-embed/8.2.0/../../../../riscv-none-embed/lib/rv32imacxw/ilp32\libg_nano.a(lib_a-nano-freer.o)
 .debug_frame   0x000000000000131c       0x30 c:/mounriver/mounriver_studio/toolchain/risc-v embedded gcc/bin/../lib/gcc/riscv-none-embed/8.2.0/../../../../riscv-none-embed/lib/rv32imacxw/ilp32\libg_nano.a(lib_a-readr.o)
 .debug_frame   0x000000000000134c       0x70 c:/mounriver/mounriver_studio/toolchain/risc-v embedded gcc/bin/../lib/gcc/riscv-none-embed/8.2.0/../../../../riscv-none-embed/lib/rv32imacxw/ilp32\libg_nano.a(lib_a-reent.o)
 .debug_frame   0x00000000000013bc       0x30 c:/mounriver/mounriver_studio/toolchain/risc-v embedded gcc/bin/../lib/gcc/riscv-none-embed/8.2.0/../../../../riscv-none-embed/lib/rv32imacxw/ilp32\libg_nano.a(lib_a-fstatr.o)
 .debug_frame   0x00000000000013ec       0x30 c:/mounriver/mounriver_studio/toolchain/risc-v embedded gcc/bin/../lib/gcc/riscv-none-embed/8.2.0/../../../../riscv-none-embed/lib/rv32imacxw/ilp32\libg_nano.a(lib_a-isattyr.o)
 .debug_frame   0x000000000000141c       0x20 c:/mounriver/mounriver_studio/toolchain/risc-v embedded gcc/bin/../lib/gcc/riscv-none-embed/8.2.0/../../../../riscv-none-embed/lib/rv32imacxw/ilp32\libnosys.a(close.o)
 .debug_frame   0x000000000000143c       0x20 c:/mounriver/mounriver_studio/toolchain/risc-v embedded gcc/bin/../lib/gcc/riscv-none-embed/8.2.0/../../../../riscv-none-embed/lib/rv32imacxw/ilp32\libnosys.a(fstat.o)
 .debug_frame   0x000000000000145c       0x20 c:/mounriver/mounriver_studio/toolchain/risc-v embedded gcc/bin/../lib/gcc/riscv-none-embed/8.2.0/../../../../riscv-none-embed/lib/rv32imacxw/ilp32\libnosys.a(isatty.o)
 .debug_frame   0x000000000000147c       0x20 c:/mounriver/mounriver_studio/toolchain/risc-v embedded gcc/bin/../lib/gcc/riscv-none-embed/8.2.0/../../../../riscv-none-embed/lib/rv32imacxw/ilp32\libnosys.a(lseek.o)
 .debug_frame   0x000000000000149c       0x20 c:/mounriver/mounriver_studio/toolchain/risc-v embedded gcc/bin/../lib/gcc/riscv-none-embed/8.2.0/../../../../riscv-none-embed/lib/rv32imacxw/ilp32\libnosys.a(read.o)

.debug_loc      0x0000000000000000     0x212f
 .debug_loc     0x0000000000000000       0xa5 ./User/data.o
 .debug_loc     0x00000000000000a5      0x23f ./User/lana.o
 .debug_loc     0x00000000000002e4      0x2f8 ./User/leds.o
 .debug_loc     0x00000000000005dc       0x1e ./User/main.o
 .debug_loc     0x00000000000005fa       0xac ./User/system_ch32v20x.o
 .debug_loc     0x00000000000006a6       0x6e ./Peripheral/src/ch32v20x_dbgmcu.o
 .debug_loc     0x0000000000000714      0x181 ./Peripheral/src/ch32v20x_exti.o
 .debug_loc     0x0000000000000895      0x8a1 ./Peripheral/src/ch32v20x_gpio.o
 .debug_loc     0x0000000000001136       0x2d ./Peripheral/src/ch32v20x_misc.o
 .debug_loc     0x0000000000001163      0x797 ./Peripheral/src/ch32v20x_rcc.o
 .debug_loc     0x00000000000018fa      0x715 ./Peripheral/src/ch32v20x_usart.o
 .debug_loc     0x000000000000200f      0x120 ./Debug/debug.o

.stab           0x0000000000000000       0x84
 .stab          0x0000000000000000       0x24 c:/mounriver/mounriver_studio/toolchain/risc-v embedded gcc/bin/../lib/gcc/riscv-none-embed/8.2.0/../../../../riscv-none-embed/lib/rv32imacxw/ilp32\libnosys.a(close.o)
 .stab          0x0000000000000024       0x18 c:/mounriver/mounriver_studio/toolchain/risc-v embedded gcc/bin/../lib/gcc/riscv-none-embed/8.2.0/../../../../riscv-none-embed/lib/rv32imacxw/ilp32\libnosys.a(fstat.o)
                                         0x24 (size before relaxing)
 .stab          0x000000000000003c       0x18 c:/mounriver/mounriver_studio/toolchain/risc-v embedded gcc/bin/../lib/gcc/riscv-none-embed/8.2.0/../../../../riscv-none-embed/lib/rv32imacxw/ilp32\libnosys.a(isatty.o)
                                         0x24 (size before relaxing)
 .stab          0x0000000000000054       0x18 c:/mounriver/mounriver_studio/toolchain/risc-v embedded gcc/bin/../lib/gcc/riscv-none-embed/8.2.0/../../../../riscv-none-embed/lib/rv32imacxw/ilp32\libnosys.a(lseek.o)
                                         0x24 (size before relaxing)
 .stab          0x000000000000006c       0x18 c:/mounriver/mounriver_studio/toolchain/risc-v embedded gcc/bin/../lib/gcc/riscv-none-embed/8.2.0/../../../../riscv-none-embed/lib/rv32imacxw/ilp32\libnosys.a(read.o)
                                         0x24 (size before relaxing)

.stabstr        0x0000000000000000      0x117
 .stabstr       0x0000000000000000      0x117 c:/mounriver/mounriver_studio/toolchain/risc-v embedded gcc/bin/../lib/gcc/riscv-none-embed/8.2.0/../../../../riscv-none-embed/lib/rv32imacxw/ilp32\libnosys.a(close.o)
