Archive member included to satisfy reference by file (symbol)

c:/mounriver/mounriver_studio/toolchain/risc-v embedded gcc/bin/../lib/gcc/riscv-none-embed/8.2.0/rv32imacxw/ilp32\libgcc.a(_udivdi3.o)
                              ./User/lana.o (__udivdi3)
c:/mounriver/mounriver_studio/toolchain/risc-v embedded gcc/bin/../lib/gcc/riscv-none-embed/8.2.0/rv32imacxw/ilp32\libgcc.a(save-restore.o)
                              ./Peripheral/src/ch32v20x_flash.o (__riscv_save_7)
c:/mounriver/mounriver_studio/toolchain/risc-v embedded gcc/bin/../lib/gcc/riscv-none-embed/8.2.0/rv32imacxw/ilp32\libgcc.a(_clz.o)
                              c:/mounriver/mounriver_studio/toolchain/risc-v embedded gcc/bin/../lib/gcc/riscv-none-embed/8.2.0/rv32imacxw/ilp32\libgcc.a(_udivdi3.o) (__clz_tab)
c:/mounriver/mounriver_studio/toolchain/risc-v embedded gcc/bin/../lib/gcc/riscv-none-embed/8.2.0/../../../../riscv-none-embed/lib/rv32imacxw/ilp32\libg_nano.a(lib_a-printf.o)
                              ./User/main.o (printf)
c:/mounriver/mounriver_studio/toolchain/risc-v embedded gcc/bin/../lib/gcc/riscv-none-embed/8.2.0/../../../../riscv-none-embed/lib/rv32imacxw/ilp32\libg_nano.a(lib_a-findfp.o)
                              c:/mounriver/mounriver_studio/toolchain/risc-v embedded gcc/bin/../lib/gcc/riscv-none-embed/8.2.0/../../../../riscv-none-embed/lib/rv32imacxw/ilp32\libg_nano.a(lib_a-printf.o) (__sinit)
c:/mounriver/mounriver_studio/toolchain/risc-v embedded gcc/bin/../lib/gcc/riscv-none-embed/8.2.0/../../../../riscv-none-embed/lib/rv32imacxw/ilp32\libg_nano.a(lib_a-fwalk.o)
                              c:/mounriver/mounriver_studio/toolchain/risc-v embedded gcc/bin/../lib/gcc/riscv-none-embed/8.2.0/../../../../riscv-none-embed/lib/rv32imacxw/ilp32\libg_nano.a(lib_a-findfp.o) (_fwalk)
c:/mounriver/mounriver_studio/toolchain/risc-v embedded gcc/bin/../lib/gcc/riscv-none-embed/8.2.0/../../../../riscv-none-embed/lib/rv32imacxw/ilp32\libg_nano.a(lib_a-impure.o)
                              c:/mounriver/mounriver_studio/toolchain/risc-v embedded gcc/bin/../lib/gcc/riscv-none-embed/8.2.0/../../../../riscv-none-embed/lib/rv32imacxw/ilp32\libg_nano.a(lib_a-findfp.o) (_global_impure_ptr)
c:/mounriver/mounriver_studio/toolchain/risc-v embedded gcc/bin/../lib/gcc/riscv-none-embed/8.2.0/../../../../riscv-none-embed/lib/rv32imacxw/ilp32\libg_nano.a(lib_a-memset.o)
                              c:/mounriver/mounriver_studio/toolchain/risc-v embedded gcc/bin/../lib/gcc/riscv-none-embed/8.2.0/../../../../riscv-none-embed/lib/rv32imacxw/ilp32\libg_nano.a(lib_a-findfp.o) (memset)
c:/mounriver/mounriver_studio/toolchain/risc-v embedded gcc/bin/../lib/gcc/riscv-none-embed/8.2.0/../../../../riscv-none-embed/lib/rv32imacxw/ilp32\libg_nano.a(lib_a-nano-mallocr.o)
                              c:/mounriver/mounriver_studio/toolchain/risc-v embedded gcc/bin/../lib/gcc/riscv-none-embed/8.2.0/../../../../riscv-none-embed/lib/rv32imacxw/ilp32\libg_nano.a(lib_a-findfp.o) (_malloc_r)
c:/mounriver/mounriver_studio/toolchain/risc-v embedded gcc/bin/../lib/gcc/riscv-none-embed/8.2.0/../../../../riscv-none-embed/lib/rv32imacxw/ilp32\libg_nano.a(lib_a-nano-vfprintf.o)
                              c:/mounriver/mounriver_studio/toolchain/risc-v embedded gcc/bin/../lib/gcc/riscv-none-embed/8.2.0/../../../../riscv-none-embed/lib/rv32imacxw/ilp32\libg_nano.a(lib_a-printf.o) (_vfprintf_r)
c:/mounriver/mounriver_studio/toolchain/risc-v embedded gcc/bin/../lib/gcc/riscv-none-embed/8.2.0/../../../../riscv-none-embed/lib/rv32imacxw/ilp32\libg_nano.a(lib_a-nano-vfprintf_i.o)
                              c:/mounriver/mounriver_studio/toolchain/risc-v embedded gcc/bin/../lib/gcc/riscv-none-embed/8.2.0/../../../../riscv-none-embed/lib/rv32imacxw/ilp32\libg_nano.a(lib_a-nano-vfprintf.o) (_printf_i)
c:/mounriver/mounriver_studio/toolchain/risc-v embedded gcc/bin/../lib/gcc/riscv-none-embed/8.2.0/../../../../riscv-none-embed/lib/rv32imacxw/ilp32\libg_nano.a(lib_a-sbrkr.o)
                              c:/mounriver/mounriver_studio/toolchain/risc-v embedded gcc/bin/../lib/gcc/riscv-none-embed/8.2.0/../../../../riscv-none-embed/lib/rv32imacxw/ilp32\libg_nano.a(lib_a-nano-mallocr.o) (_sbrk_r)
c:/mounriver/mounriver_studio/toolchain/risc-v embedded gcc/bin/../lib/gcc/riscv-none-embed/8.2.0/../../../../riscv-none-embed/lib/rv32imacxw/ilp32\libg_nano.a(lib_a-stdio.o)
                              c:/mounriver/mounriver_studio/toolchain/risc-v embedded gcc/bin/../lib/gcc/riscv-none-embed/8.2.0/../../../../riscv-none-embed/lib/rv32imacxw/ilp32\libg_nano.a(lib_a-findfp.o) (__sread)
c:/mounriver/mounriver_studio/toolchain/risc-v embedded gcc/bin/../lib/gcc/riscv-none-embed/8.2.0/../../../../riscv-none-embed/lib/rv32imacxw/ilp32\libg_nano.a(lib_a-wbuf.o)
                              c:/mounriver/mounriver_studio/toolchain/risc-v embedded gcc/bin/../lib/gcc/riscv-none-embed/8.2.0/../../../../riscv-none-embed/lib/rv32imacxw/ilp32\libg_nano.a(lib_a-nano-vfprintf.o) (__swbuf_r)
[...]
Memory Configuration

Name             Origin             Length             Attributes
FLASH            0x0000000000000000 0x0000000000008000 xr
RAM              0x0000000020000000 0x0000000000002800 xrw
*default*        0x0000000000000000 0xffffffffffffffff

Linker script and memory map

LOAD ./User/ch32v20x_it.o
LOAD ./User/data.o
LOAD ./User/lana.o
LOAD ./User/leds.o
LOAD ./User/main.o
LOAD ./User/system_ch32v20x.o
LOAD ./Startup/startup_ch32v20x_D6.o
LOAD ./Peripheral/src/ch32v20x_adc.o
LOAD ./Peripheral/src/ch32v20x_bkp.o
LOAD ./Peripheral/src/ch32v20x_can.o
LOAD ./Peripheral/src/ch32v20x_crc.o
LOAD ./Peripheral/src/ch32v20x_dbgmcu.o
LOAD ./Peripheral/src/ch32v20x_dma.o
LOAD ./Peripheral/src/ch32v20x_exti.o
LOAD ./Peripheral/src/ch32v20x_flash.o
LOAD ./Peripheral/src/ch32v20x_gpio.o
LOAD ./Peripheral/src/ch32v20x_i2c.o
LOAD ./Peripheral/src/ch32v20x_iwdg.o
LOAD ./Peripheral/src/ch32v20x_misc.o
LOAD ./Peripheral/src/ch32v20x_opa.o
LOAD ./Peripheral/src/ch32v20x_pwr.o
LOAD ./Peripheral/src/ch32v20x_rcc.o
LOAD ./Peripheral/src/ch32v20x_rtc.o
LOAD ./Peripheral/src/ch32v20x_spi.o
LOAD ./Peripheral/src/ch32v20x_tim.o
LOAD ./Peripheral/src/ch32v20x_usart.o
LOAD ./Peripheral/src/ch32v20x_wwdg.o
LOAD ./Debug/debug.o
LOAD ./Core/core_riscv.o
LOAD c:/mounriver/mounriver_studio/toolchain/risc-v embedded gcc/bin/../lib/gcc/riscv-none-embed/8.2.0/rv32imacxw/ilp32\libgcc.a
LOAD c:/mounriver/mounriver_studio/toolchain/risc-v embedded gcc/bin/../lib/gcc/riscv-none-embed/8.2.0/../../../../riscv-none-embed/lib/rv32imacxw/ilp32\libg_nano.a
LOAD c:/mounriver/mounriver_studio/toolchain/risc-v embedded gcc/bin/../lib/gcc/riscv-none-embed/8.2.0/../../../../riscv-none-embed/lib/rv32imacxw/ilp32\libc_nano.a
LOAD c:/mounriver/mounriver_studio/toolchain/risc-v embedded gcc/bin/../lib/gcc/riscv-none-embed/8.2.0/rv32imacxw/ilp32\libgcc.a
START GROUP
LOAD c:/mounriver/mounriver_studio/toolchain/risc-v embedded gcc/bin/../lib/gcc/riscv-none-embed/8.2.0/rv32imacxw/ilp32\libgcc.a
LOAD c:/mounriver/mounriver_studio/toolchain/risc-v embedded gcc/bin/../lib/gcc/riscv-none-embed/8.2.0/../../../../riscv-none-embed/lib/rv32imacxw/ilp32\libc_nano.a
LOAD c:/mounriver/mounriver_studio/toolchain/risc-v embedded gcc/bin/../lib/gcc/riscv-none-embed/8.2.0/../../../../riscv-none-embed/lib/rv32imacxw/ilp32\libnosys.a
END GROUP
START GROUP
LOAD c:/mounriver/mounriver_studio/toolchain/risc-v embedded gcc/bin/../lib/gcc/riscv-none-embed/8.2.0/rv32imacxw/ilp32\libgcc.a
LOAD c:/mounriver/mounriver_studio/toolchain/risc-v embedded gcc/bin/../lib/gcc/riscv-none-embed/8.2.0/../../../../riscv-none-embed/lib/rv32imacxw/ilp32\libc_nano.a
LOAD c:/mounriver/mounriver_studio/toolchain/risc-v embedded gcc/bin/../lib/gcc/riscv-none-embed/8.2.0/../../../../riscv-none-embed/lib/rv32imacxw/ilp32\libnosys.a
END GROUP
                0x0000000000000800                __stack_size = 0x800
                [!provide]                        PROVIDE (_stack_size = __stack_size)

.init           0x0000000000000000        0x4
                0x0000000000000000                _sinit = .
                0x0000000000000000                . = ALIGN (0x4)
 *(SORT_NONE(.init))
 .init          0x0000000000000000        0x4 ./Startup/startup_ch32v20x_D6.o
                0x0000000000000000                _start
                0x0000000000000004                . = ALIGN (0x4)
                0x0000000000000004                _einit = .

.vector         0x0000000000000004       0xfc
 *(.vector)
 .vector        0x0000000000000004       0xfc ./Startup/startup_ch32v20x_D6.o
                0x0000000000000100                . = ALIGN (0x40)

.text           0x0000000000000100     0x2924
                0x0000000000000100                . = ALIGN (0x4)
 *(.text)
 .text          0x0000000000000100       0x60 c:/mounriver/mounriver_studio/toolchain/risc-v embedded gcc/bin/../lib/gcc/riscv-none-embed/8.2.0/rv32imacxw/ilp32\libgcc.a(save-restore.o)
                0x0000000000000100                __riscv_save_12
                0x0000000000000108                __riscv_save_9
                0x0000000000000108                __riscv_save_11
                0x0000000000000108                __riscv_save_10
                0x0000000000000108                __riscv_save_8
                0x0000000000000116                __riscv_save_4
                0x0000000000000116                __riscv_save_6
                0x0000000000000116                __riscv_save_5
                0x0000000000000116                __riscv_save_7
                0x0000000000000130                __riscv_save_3
                0x0000000000000130                __riscv_save_2
                0x0000000000000130                __riscv_save_1
                0x0000000000000130                __riscv_save_0
                0x000000000000013c                __riscv_restore_12
                0x0000000000000140                __riscv_restore_11
                0x0000000000000140                __riscv_restore_9
                0x0000000000000140                __riscv_restore_10
                0x0000000000000140                __riscv_restore_8
                0x000000000000014a                __riscv_restore_5
                0x000000000000014a                __riscv_restore_7
                0x000000000000014a                __riscv_restore_6
                0x000000000000014a                __riscv_restore_4
                0x0000000000000154                __riscv_restore_3
                0x0000000000000154                __riscv_restore_0
                0x0000000000000154                __riscv_restore_2
                0x0000000000000154                __riscv_restore_1
 .text          0x0000000000000160       0xa8 c:/mounriver/mounriver_studio/toolchain/risc-v embedded gcc/bin/../lib/gcc/riscv-none-embed/8.2.0/../../../../riscv-none-embed/lib/rv32imacxw/ilp32\libg_nano.a(lib_a-memset.o)
                0x0000000000000160                memset
 *(.text.*)
 .text.NMI_Handler
                0x0000000000000208        0x2 ./User/ch32v20x_it.o
                0x0000000000000208                NMI_Handler
 .text.HardFault_Handler
                0x000000000000020a        0x2 ./User/ch32v20x_it.o
                0x000000000000020a                HardFault_Handler
 .text.handle_pulse
                0x000000000000020c       0x5c ./User/data.o
                0x000000000000020c                handle_pulse
 .text.handle_ir_interrupt
                0x0000000000000268       0x20 ./User/data.o
                0x0000000000000268                handle_ir_interrupt
 .text.enable_rx
                0x0000000000000288       0x18 ./User/data.o
                0x0000000000000288                enable_rx
 .text.ir_on    0x00000000000002a0       0x1a ./User/data.o
                0x00000000000002a0                ir_on
 .text.ir_off   0x00000000000002ba       0x20 ./User/data.o
                0x00000000000002ba                ir_off
 .text.transmit_ISR
                0x00000000000002da       0x7a ./User/data.o
                0x00000000000002da                transmit_ISR
 .text.enable_ir_interupt
                0x0000000000000354       0x6a ./User/data.o
                0x0000000000000354                enable_ir_interupt
 .text.EXTI3_IRQHandler
                0x00000000000003be       0x5a ./User/data.o
                0x00000000000003be                EXTI3_IRQHandler
 .text.EXTI9_5_IRQHandler
                0x0000000000000418       0x5e ./User/data.o
                0x0000000000000418                EXTI9_5_IRQHandler
 .text.micros   0x0000000000000476       0x3e ./User/lana.o
                0x0000000000000476                micros
 .text.millis   0x00000000000004b4       0x10 ./User/lana.o
                0x00000000000004b4                millis
 .text.delay_ms
                0x00000000000004c4       0x16 ./User/lana.o
                0x00000000000004c4                delay_ms
 .text.SYSTICK_Init_Config
                0x00000000000004da       0x32 ./User/lana.o
                0x00000000000004da                SYSTICK_Init_Config
 .text.PinToPort
                0x000000000000050c       0x36 ./User/lana.o
                0x000000000000050c                PinToPort
 .text.PinToPeriph
                0x0000000000000542       0x24 ./User/lana.o
                0x0000000000000542                PinToPeriph
 .text.DisableSWD_UsePinsAsGPIO
                0x0000000000000566       0x50 ./User/lana.o
                0x0000000000000566                DisableSWD_UsePinsAsGPIO
 .text.pinMode  0x00000000000005b6       0x7a ./User/lana.o
                0x00000000000005b6                pinMode
 .text.digitalWrite
                0x0000000000000630       0x24 ./User/lana.o
                0x0000000000000630                digitalWrite
 .text.digitalRead
                0x0000000000000654       0x1a ./User/lana.o
                0x0000000000000654                digitalRead
 .text.SysTick_Handler
                0x000000000000066e       0x42 ./User/lana.o
                0x000000000000066e                SysTick_Handler
 .text.notone   0x00000000000006b0       0x16 ./User/lana.o
                0x00000000000006b0                notone
 .text.tone     0x00000000000006c6       0xac ./User/lana.o
                0x00000000000006c6                tone
 .text.init_leds
                0x0000000000000772       0x58 ./User/leds.o
                0x0000000000000772                init_leds
 .text.led_sendbit
                0x00000000000007ca       0x9e ./User/leds.o
                0x00000000000007ca                led_sendbit
 .text.send_color
                0x0000000000000868       0x4a ./User/leds.o
                0x0000000000000868                send_color
 .text.color    0x00000000000008b2        0xa ./User/leds.o
                0x00000000000008b2                color
 .text.set_led  0x00000000000008bc       0x30 ./User/leds.o
                0x00000000000008bc                set_led
 .text.fill     0x00000000000008ec       0x1a ./User/leds.o
                0x00000000000008ec                fill
 .text.write_leds
                0x0000000000000906       0x3a ./User/leds.o
                0x0000000000000906                write_leds
 .text.setup    0x0000000000000940       0x84 ./User/main.o
                0x0000000000000940                setup
 .text.startup_animation
                0x00000000000009c4      0x11e ./User/main.o
                0x00000000000009c4                startup_animation
 .text.startup.main
                0x0000000000000ae2       0x34 ./User/main.o
                0x0000000000000ae2                main
 .text.SystemInit
                0x0000000000000b16       0xa8 ./User/system_ch32v20x.o
                0x0000000000000b16                SystemInit
 .text.SystemCoreClockUpdate
                0x0000000000000bbe       0x92 ./User/system_ch32v20x.o
                0x0000000000000bbe                SystemCoreClockUpdate
 .text.vector_handler
                0x0000000000000c50        0x2 ./Startup/startup_ch32v20x_D6.o
                0x0000000000000c50                EXTI2_IRQHandler
                0x0000000000000c50                TIM1_CC_IRQHandler
                0x0000000000000c50                PVD_IRQHandler
                0x0000000000000c50                USBFS_IRQHandler
                0x0000000000000c50                EXTI0_IRQHandler
                0x0000000000000c50                I2C2_EV_IRQHandler
                0x0000000000000c50                ADC1_2_IRQHandler
                0x0000000000000c50                Break_Point_Handler
                0x0000000000000c50                SPI1_IRQHandler
                0x0000000000000c50                TAMPER_IRQHandler
                0x0000000000000c50                Ecall_M_Mode_Handler
                0x0000000000000c50                DMA1_Channel4_IRQHandler
                0x0000000000000c50                USART3_IRQHandler
                0x0000000000000c50                RTC_IRQHandler
                0x0000000000000c50                DMA1_Channel7_IRQHandler
                0x0000000000000c50                CAN1_RX1_IRQHandler
                0x0000000000000c50                TIM4_IRQHandler
                0x0000000000000c50                I2C1_EV_IRQHandler
                0x0000000000000c50                DMA1_Channel6_IRQHandler
                0x0000000000000c50                UART4_IRQHandler
                0x0000000000000c50                TIM3_IRQHandler
                0x0000000000000c50                RCC_IRQHandler
                0x0000000000000c50                TIM1_TRG_COM_IRQHandler
                0x0000000000000c50                DMA1_Channel1_IRQHandler
                0x0000000000000c50                EXTI15_10_IRQHandler
                0x0000000000000c50                DMA1_Channel8_IRQHandler
                0x0000000000000c50                SPI2_IRQHandler
                0x0000000000000c50                DMA1_Channel5_IRQHandler
                0x0000000000000c50                EXTI4_IRQHandler
                0x0000000000000c50                USB_LP_CAN1_RX0_IRQHandler
                0x0000000000000c50                USB_HP_CAN1_TX_IRQHandler
                0x0000000000000c50                DMA1_Channel3_IRQHandler
                0x0000000000000c50                TIM1_UP_IRQHandler
                0x0000000000000c50                WWDG_IRQHandler
                0x0000000000000c50                Ecall_U_Mode_Handler
                0x0000000000000c50                TIM2_IRQHandler
                0x0000000000000c50                SW_Handler
                0x0000000000000c50                TIM1_BRK_IRQHandler
                0x0000000000000c50                EXTI1_IRQHandler
                0x0000000000000c50                RTCAlarm_IRQHandler
                0x0000000000000c50                USART2_IRQHandler
                0x0000000000000c50                I2C2_ER_IRQHandler
                0x0000000000000c50                DMA1_Channel2_IRQHandler
                0x0000000000000c50                CAN1_SCE_IRQHandler
                0x0000000000000c50                FLASH_IRQHandler
                0x0000000000000c50                USBFSWakeUp_IRQHandler
                0x0000000000000c50                USART1_IRQHandler
                0x0000000000000c50                I2C1_ER_IRQHandler
                0x0000000000000c50                USBWakeUp_IRQHandler
 .text.handle_reset
                0x0000000000000c52       0x86 ./Startup/startup_ch32v20x_D6.o
                0x0000000000000c52                handle_reset
 .text.DBGMCU_GetCHIPID
                0x0000000000000cd8        0xa ./Peripheral/src/ch32v20x_dbgmcu.o
                0x0000000000000cd8                DBGMCU_GetCHIPID
 .text.EXTI_Init
                0x0000000000000ce2       0x6a ./Peripheral/src/ch32v20x_exti.o
                0x0000000000000ce2                EXTI_Init
 .text.EXTI_GetITStatus
                0x0000000000000d4c       0x1e ./Peripheral/src/ch32v20x_exti.o
                0x0000000000000d4c                EXTI_GetITStatus
 .text.EXTI_ClearITPendingBit
                0x0000000000000d6a        0xa ./Peripheral/src/ch32v20x_exti.o
                0x0000000000000d6a                EXTI_ClearITPendingBit
 .text.GPIO_Init
                0x0000000000000d74       0xf2 ./Peripheral/src/ch32v20x_gpio.o
                0x0000000000000d74                GPIO_Init
 .text.GPIO_ReadInputDataBit
                0x0000000000000e66       0x1a ./Peripheral/src/ch32v20x_gpio.o
                0x0000000000000e66                GPIO_ReadInputDataBit
 .text.GPIO_WriteBit
                0x0000000000000e80       0x1a ./Peripheral/src/ch32v20x_gpio.o
                0x0000000000000e80                GPIO_WriteBit
 .text.GPIO_PinRemapConfig
                0x0000000000000e9a       0xf2 ./Peripheral/src/ch32v20x_gpio.o
                0x0000000000000e9a                GPIO_PinRemapConfig
 .text.GPIO_EXTILineConfig
                0x0000000000000f8c       0x2c ./Peripheral/src/ch32v20x_gpio.o
                0x0000000000000f8c                GPIO_EXTILineConfig
 .text.NVIC_PriorityGroupConfig
                0x0000000000000fb8        0x6 ./Peripheral/src/ch32v20x_misc.o
                0x0000000000000fb8                NVIC_PriorityGroupConfig
 .text.NVIC_Init
                0x0000000000000fbe       0x54 ./Peripheral/src/ch32v20x_misc.o
                0x0000000000000fbe                NVIC_Init
 .text.RCC_GetClocksFreq
                0x0000000000001012       0xbe ./Peripheral/src/ch32v20x_rcc.o
                0x0000000000001012                RCC_GetClocksFreq
 .text.RCC_AHBPeriphClockCmd
                0x00000000000010d0       0x1e ./Peripheral/src/ch32v20x_rcc.o
                0x00000000000010d0                RCC_AHBPeriphClockCmd
 .text.RCC_APB2PeriphClockCmd
                0x00000000000010ee       0x1e ./Peripheral/src/ch32v20x_rcc.o
                0x00000000000010ee                RCC_APB2PeriphClockCmd
 .text.RCC_APB1PeriphClockCmd
                0x000000000000110c       0x1e ./Peripheral/src/ch32v20x_rcc.o
                0x000000000000110c                RCC_APB1PeriphClockCmd
 .text.TIM_TimeBaseInit
                0x000000000000112a       0x6a ./Peripheral/src/ch32v20x_tim.o
                0x000000000000112a                TIM_TimeBaseInit
 .text.TIM_OC2Init
                0x0000000000001194       0x96 ./Peripheral/src/ch32v20x_tim.o
                0x0000000000001194                TIM_OC2Init
 .text.TIM_Cmd  0x000000000000122a       0x18 ./Peripheral/src/ch32v20x_tim.o
                0x000000000000122a                TIM_Cmd
 .text.TIM_ARRPreloadConfig
                0x0000000000001242       0x1a ./Peripheral/src/ch32v20x_tim.o
                0x0000000000001242                TIM_ARRPreloadConfig
 .text.TIM_OC2PreloadConfig
                0x000000000000125c       0x16 ./Peripheral/src/ch32v20x_tim.o
                0x000000000000125c                TIM_OC2PreloadConfig
 .text.USART_Init
                0x0000000000001272       0x8e ./Peripheral/src/ch32v20x_usart.o
                0x0000000000001272                USART_Init
 .text.USART_Cmd
                0x0000000000001300       0x16 ./Peripheral/src/ch32v20x_usart.o
                0x0000000000001300                USART_Cmd
 .text.USART_SendData
                0x0000000000001316        0x8 ./Peripheral/src/ch32v20x_usart.o
                0x0000000000001316                USART_SendData
 .text.USART_GetFlagStatus
                0x000000000000131e        0xa ./Peripheral/src/ch32v20x_usart.o
                0x000000000000131e                USART_GetFlagStatus
 .text.USART_Printf_Init
                0x0000000000001328       0x58 ./Debug/debug.o
                0x0000000000001328                USART_Printf_Init
 .text._write   0x0000000000001380       0x3a ./Debug/debug.o
                0x0000000000001380                _write
 .text._sbrk    0x00000000000013ba       0x26 ./Debug/debug.o
                0x00000000000013ba                _sbrk
 .text.__udivdi3
                0x00000000000013e0      0x392 c:/mounriver/mounriver_studio/toolchain/risc-v embedded gcc/bin/../lib/gcc/riscv-none-embed/8.2.0/rv32imacxw/ilp32\libgcc.a(_udivdi3.o)
                0x00000000000013e0                __udivdi3
 .text.printf   0x0000000000001772       0x3e c:/mounriver/mounriver_studio/toolchain/risc-v embedded gcc/bin/../lib/gcc/riscv-none-embed/8.2.0/../../../../riscv-none-embed/lib/rv32imacxw/ilp32\libg_nano.a(lib_a-printf.o)
                0x0000000000001772                iprintf
                0x0000000000001772                printf
 .text.std      0x00000000000017b0       0x66 c:/mounriver/mounriver_studio/toolchain/risc-v embedded gcc/bin/../lib/gcc/riscv-none-embed/8.2.0/../../../../riscv-none-embed/lib/rv32imacxw/ilp32\libg_nano.a(lib_a-findfp.o)
 .text._cleanup_r
                0x0000000000001816        0xa c:/mounriver/mounriver_studio/toolchain/risc-v embedded gcc/bin/../lib/gcc/riscv-none-embed/8.2.0/../../../../riscv-none-embed/lib/rv32imacxw/ilp32\libg_nano.a(lib_a-findfp.o)
                0x0000000000001816                _cleanup_r
 .text.__sfmoreglue
                0x0000000000001820       0x46 c:/mounriver/mounriver_studio/toolchain/risc-v embedded gcc/bin/../lib/gcc/riscv-none-embed/8.2.0/../../../../riscv-none-embed/lib/rv32imacxw/ilp32\libg_nano.a(lib_a-findfp.o)
                0x0000000000001820                __sfmoreglue
 .text.__sinit  0x0000000000001866       0x66 c:/mounriver/mounriver_studio/toolchain/risc-v embedded gcc/bin/../lib/gcc/riscv-none-embed/8.2.0/../../../../riscv-none-embed/lib/rv32imacxw/ilp32\libg_nano.a(lib_a-findfp.o)
                0x0000000000001866                __sinit
 .text.__sfp    0x00000000000018cc       0x9c c:/mounriver/mounriver_studio/toolchain/risc-v embedded gcc/bin/../lib/gcc/riscv-none-embed/8.2.0/../../../../riscv-none-embed/lib/rv32imacxw/ilp32\libg_nano.a(lib_a-findfp.o)
                0x00000000000018cc                __sfp
 .text._fwalk_reent
                0x0000000000001968       0x6a c:/mounriver/mounriver_studio/toolchain/risc-v embedded gcc/bin/../lib/gcc/riscv-none-embed/8.2.0/../../../../riscv-none-embed/lib/rv32imacxw/ilp32\libg_nano.a(lib_a-fwalk.o)
                0x0000000000001968                _fwalk_reent
 .text._malloc_r
                0x00000000000019d2       0xd4 c:/mounriver/mounriver_studio/toolchain/risc-v embedded gcc/bin/../lib/gcc/riscv-none-embed/8.2.0/../../../../riscv-none-embed/lib/rv32imacxw/ilp32\libg_nano.a(lib_a-nano-mallocr.o)
                0x00000000000019d2                _malloc_r
 .text.__sfputc_r
                0x0000000000001aa6       0x26 c:/mounriver/mounriver_studio/toolchain/risc-v embedded gcc/bin/../lib/gcc/riscv-none-embed/8.2.0/../../../../riscv-none-embed/lib/rv32imacxw/ilp32\libg_nano.a(lib_a-nano-vfprintf.o)
 .text.__sfputs_r
                0x0000000000001acc       0x40 c:/mounriver/mounriver_studio/toolchain/risc-v embedded gcc/bin/../lib/gcc/riscv-none-embed/8.2.0/../../../../riscv-none-embed/lib/rv32imacxw/ilp32\libg_nano.a(lib_a-nano-vfprintf.o)
                0x0000000000001acc                __sfputs_r
 .text._vfprintf_r
                0x0000000000001b0c      0x288 c:/mounriver/mounriver_studio/toolchain/risc-v embedded gcc/bin/../lib/gcc/riscv-none-embed/8.2.0/../../../../riscv-none-embed/lib/rv32imacxw/ilp32\libg_nano.a(lib_a-nano-vfprintf.o)
                0x0000000000001b0c                _vfprintf_r
                0x0000000000001b0c                _vfiprintf_r
 .text._printf_common
                0x0000000000001d94      0x10c c:/mounriver/mounriver_studio/toolchain/risc-v embedded gcc/bin/../lib/gcc/riscv-none-embed/8.2.0/../../../../riscv-none-embed/lib/rv32imacxw/ilp32\libg_nano.a(lib_a-nano-vfprintf_i.o)
                0x0000000000001d94                _printf_common
 .text._printf_i
                0x0000000000001ea0      0x2a0 c:/mounriver/mounriver_studio/toolchain/risc-v embedded gcc/bin/../lib/gcc/riscv-none-embed/8.2.0/../../../../riscv-none-embed/lib/rv32imacxw/ilp32\libg_nano.a(lib_a-nano-vfprintf_i.o)
                0x0000000000001ea0                _printf_i
 .text._sbrk_r  0x0000000000002140       0x2a c:/mounriver/mounriver_studio/toolchain/risc-v embedded gcc/bin/../lib/gcc/riscv-none-embed/8.2.0/../../../../riscv-none-embed/lib/rv32imacxw/ilp32\libg_nano.a(lib_a-sbrkr.o)
                0x0000000000002140                _sbrk_r
 .text.__sread  0x000000000000216a       0x2c c:/mounriver/mounriver_studio/toolchain/risc-v embedded gcc/bin/../lib/gcc/riscv-none-embed/8.2.0/../../../../riscv-none-embed/lib/rv32imacxw/ilp32\libg_nano.a(lib_a-stdio.o)
                0x000000000000216a                __sread
 .text.__swrite
                0x0000000000002196       0x48 c:/mounriver/mounriver_studio/toolchain/risc-v embedded gcc/bin/../lib/gcc/riscv-none-embed/8.2.0/../../../../riscv-none-embed/lib/rv32imacxw/ilp32\libg_nano.a(lib_a-stdio.o)
                0x0000000000002196                __swrite
 .text.__sseek  0x00000000000021de       0x30 c:/mounriver/mounriver_studio/toolchain/risc-v embedded gcc/bin/../lib/gcc/riscv-none-embed/8.2.0/../../../../riscv-none-embed/lib/rv32imacxw/ilp32\libg_nano.a(lib_a-stdio.o)
                0x00000000000021de                __sseek
 .text.__sclose
                0x000000000000220e        0x6 c:/mounriver/mounriver_studio/toolchain/risc-v embedded gcc/bin/../lib/gcc/riscv-none-embed/8.2.0/../../../../riscv-none-embed/lib/rv32imacxw/ilp32\libg_nano.a(lib_a-stdio.o)
                0x000000000000220e                __sclose
 .text.__swbuf_r
                0x0000000000002214       0xbe c:/mounriver/mounriver_studio/toolchain/risc-v embedded gcc/bin/../lib/gcc/riscv-none-embed/8.2.0/../../../../riscv-none-embed/lib/rv32imacxw/ilp32\libg_nano.a(lib_a-wbuf.o)
                0x0000000000002214                __swbuf_r
 .text._write_r
                0x00000000000022d2       0x2e c:/mounriver/mounriver_studio/toolchain/risc-v embedded gcc/bin/../lib/gcc/riscv-none-embed/8.2.0/../../../../riscv-none-embed/lib/rv32imacxw/ilp32\libg_nano.a(lib_a-writer.o)
                0x00000000000022d2                _write_r
 .text.__swsetup_r
                0x0000000000002300       0xfe c:/mounriver/mounriver_studio/toolchain/risc-v embedded gcc/bin/../lib/gcc/riscv-none-embed/8.2.0/../../../../riscv-none-embed/lib/rv32imacxw/ilp32\libg_nano.a(lib_a-wsetup.o)
                0x0000000000002300                __swsetup_r
 .text._close_r
                0x00000000000023fe       0x28 c:/mounriver/mounriver_studio/toolchain/risc-v embedded gcc/bin/../lib/gcc/riscv-none-embed/8.2.0/../../../../riscv-none-embed/lib/rv32imacxw/ilp32\libg_nano.a(lib_a-closer.o)
                0x00000000000023fe                _close_r
 .text.__sflush_r
                0x0000000000002426      0x130 c:/mounriver/mounriver_studio/toolchain/risc-v embedded gcc/bin/../lib/gcc/riscv-none-embed/8.2.0/../../../../riscv-none-embed/lib/rv32imacxw/ilp32\libg_nano.a(lib_a-fflush.o)
                0x0000000000002426                __sflush_r
 .text._fflush_r
                0x0000000000002556       0x66 c:/mounriver/mounriver_studio/toolchain/risc-v embedded gcc/bin/../lib/gcc/riscv-none-embed/8.2.0/../../../../riscv-none-embed/lib/rv32imacxw/ilp32\libg_nano.a(lib_a-fflush.o)
                0x0000000000002556                _fflush_r
 .text._lseek_r
                0x00000000000025bc       0x2c c:/mounriver/mounriver_studio/toolchain/risc-v embedded gcc/bin/../lib/gcc/riscv-none-embed/8.2.0/../../../../riscv-none-embed/lib/rv32imacxw/ilp32\libg_nano.a(lib_a-lseekr.o)
                0x00000000000025bc                _lseek_r
 .text.__swhatbuf_r
                0x00000000000025e8       0x56 c:/mounriver/mounriver_studio/toolchain/risc-v embedded gcc/bin/../lib/gcc/riscv-none-embed/8.2.0/../../../../riscv-none-embed/lib/rv32imacxw/ilp32\libg_nano.a(lib_a-makebuf.o)
                0x00000000000025e8                __swhatbuf_r
 .text.__smakebuf_r
                0x000000000000263e       0x90 c:/mounriver/mounriver_studio/toolchain/risc-v embedded gcc/bin/../lib/gcc/riscv-none-embed/8.2.0/../../../../riscv-none-embed/lib/rv32imacxw/ilp32\libg_nano.a(lib_a-makebuf.o)
                0x000000000000263e                __smakebuf_r
 .text.memchr   0x00000000000026ce       0x18 c:/mounriver/mounriver_studio/toolchain/risc-v embedded gcc/bin/../lib/gcc/riscv-none-embed/8.2.0/../../../../riscv-none-embed/lib/rv32imacxw/ilp32\libg_nano.a(lib_a-memchr.o)
                0x00000000000026ce                memchr
 .text.__malloc_lock
                0x00000000000026e6        0x2 c:/mounriver/mounriver_studio/toolchain/risc-v embedded gcc/bin/../lib/gcc/riscv-none-embed/8.2.0/../../../../riscv-none-embed/lib/rv32imacxw/ilp32\libg_nano.a(lib_a-mlock.o)
                0x00000000000026e6                __malloc_lock
 .text.__malloc_unlock
                0x00000000000026e8        0x2 c:/mounriver/mounriver_studio/toolchain/risc-v embedded gcc/bin/../lib/gcc/riscv-none-embed/8.2.0/../../../../riscv-none-embed/lib/rv32imacxw/ilp32\libg_nano.a(lib_a-mlock.o)
                0x00000000000026e8                __malloc_unlock
 .text._free_r  0x00000000000026ea       0xa4 c:/mounriver/mounriver_studio/toolchain/risc-v embedded gcc/bin/../lib/gcc/riscv-none-embed/8.2.0/../../../../riscv-none-embed/lib/rv32imacxw/ilp32\libg_nano.a(lib_a-nano-freer.o)
                0x00000000000026ea                _free_r
 .text._read_r  0x000000000000278e       0x2c c:/mounriver/mounriver_studio/toolchain/risc-v embedded gcc/bin/../lib/gcc/riscv-none-embed/8.2.0/../../../../riscv-none-embed/lib/rv32imacxw/ilp32\libg_nano.a(lib_a-readr.o)
                0x000000000000278e                _read_r
 .text._fstat_r
                0x00000000000027ba       0x2a c:/mounriver/mounriver_studio/toolchain/risc-v embedded gcc/bin/../lib/gcc/riscv-none-embed/8.2.0/../../../../riscv-none-embed/lib/rv32imacxw/ilp32\libg_nano.a(lib_a-fstatr.o)
                0x00000000000027ba                _fstat_r
 .text._isatty_r
                0x00000000000027e4       0x28 c:/mounriver/mounriver_studio/toolchain/risc-v embedded gcc/bin/../lib/gcc/riscv-none-embed/8.2.0/../../../../riscv-none-embed/lib/rv32imacxw/ilp32\libg_nano.a(lib_a-isattyr.o)
                0x00000000000027e4                _isatty_r
 .text._close   0x000000000000280c        0xc c:/mounriver/mounriver_studio/toolchain/risc-v embedded gcc/bin/../lib/gcc/riscv-none-embed/8.2.0/../../../../riscv-none-embed/lib/rv32imacxw/ilp32\libnosys.a(close.o)
                0x000000000000280c                _close
 .text._fstat   0x0000000000002818        0xc c:/mounriver/mounriver_studio/toolchain/risc-v embedded gcc/bin/../lib/gcc/riscv-none-embed/8.2.0/../../../../riscv-none-embed/lib/rv32imacxw/ilp32\libnosys.a(fstat.o)
                0x0000000000002818                _fstat
 .text._isatty  0x0000000000002824        0xc c:/mounriver/mounriver_studio/toolchain/risc-v embedded gcc/bin/../lib/gcc/riscv-none-embed/8.2.0/../../../../riscv-none-embed/lib/rv32imacxw/ilp32\libnosys.a(isatty.o)
                0x0000000000002824                _isatty
 .text._lseek   0x0000000000002830        0xc c:/mounriver/mounriver_studio/toolchain/risc-v embedded gcc/bin/../lib/gcc/riscv-none-embed/8.2.0/../../../../riscv-none-embed/lib/rv32imacxw/ilp32\libnosys.a(lseek.o)
                0x0000000000002830                _lseek
 .text._read    0x000000000000283c        0xc c:/mounriver/mounriver_studio/toolchain/risc-v embedded gcc/bin/../lib/gcc/riscv-none-embed/8.2.0/../../../../riscv-none-embed/lib/rv32imacxw/ilp32\libnosys.a(read.o)
                0x000000000000283c                _read
 *(.rodata)
 *(.rodata*)
 .rodata.pinMode
                0x0000000000002848       0x10 ./User/lana.o
 .rodata.main.str1.4
                0x0000000000002858        0xf ./User/main.o
 *fill*         0x0000000000002867        0x1 
 .rodata.setup.str1.4
                0x0000000000002868       0x1e ./User/main.o
 *fill*         0x0000000000002886        0x2 
 .rodata.__clz_tab
                0x0000000000002888      0x100 c:/mounriver/mounriver_studio/toolchain/risc-v embedded gcc/bin/../lib/gcc/riscv-none-embed/8.2.0/rv32imacxw/ilp32\libgcc.a(_clz.o)
                0x0000000000002888                __clz_tab
 .rodata.__sf_fake_stderr
                0x0000000000002988       0x20 c:/mounriver/mounriver_studio/toolchain/risc-v embedded gcc/bin/../lib/gcc/riscv-none-embed/8.2.0/../../../../riscv-none-embed/lib/rv32imacxw/ilp32\libg_nano.a(lib_a-findfp.o)
                0x0000000000002988                __sf_fake_stderr
 .rodata.__sf_fake_stdin
                0x00000000000029a8       0x20 c:/mounriver/mounriver_studio/toolchain/risc-v embedded gcc/bin/../lib/gcc/riscv-none-embed/8.2.0/../../../../riscv-none-embed/lib/rv32imacxw/ilp32\libg_nano.a(lib_a-findfp.o)
                0x00000000000029a8                __sf_fake_stdin
 .rodata.__sf_fake_stdout
                0x00000000000029c8       0x20 c:/mounriver/mounriver_studio/toolchain/risc-v embedded gcc/bin/../lib/gcc/riscv-none-embed/8.2.0/../../../../riscv-none-embed/lib/rv32imacxw/ilp32\libg_nano.a(lib_a-findfp.o)
                0x00000000000029c8                __sf_fake_stdout
 .rodata._vfprintf_r.str1.4
                0x00000000000029e8       0x13 c:/mounriver/mounriver_studio/toolchain/risc-v embedded gcc/bin/../lib/gcc/riscv-none-embed/8.2.0/../../../../riscv-none-embed/lib/rv32imacxw/ilp32\libg_nano.a(lib_a-nano-vfprintf.o)
 *fill*         0x00000000000029fb        0x1 
 .rodata._printf_i.str1.4
                0x00000000000029fc       0x28 c:/mounriver/mounriver_studio/toolchain/risc-v embedded gcc/bin/../lib/gcc/riscv-none-embed/8.2.0/../../../../riscv-none-embed/lib/rv32imacxw/ilp32\libg_nano.a(lib_a-nano-vfprintf_i.o)
                                         0x25 (size before relaxing)
 *(.gnu.linkonce.t.*)
                0x0000000000002a24                . = ALIGN (0x4)

.rela.dyn       0x0000000000002a24        0x0
 .rela.init     0x0000000000002a24        0x0 ./User/ch32v20x_it.o
 .rela.vector   0x0000000000002a24        0x0 ./User/ch32v20x_it.o
 .rela.text.handle_reset
                0x0000000000002a24        0x0 ./User/ch32v20x_it.o
 .rela.text._sbrk
                0x0000000000002a24        0x0 ./User/ch32v20x_it.o
 .rela.sdata.curbrk.4654
                0x0000000000002a24        0x0 ./User/ch32v20x_it.o
 .rela.text._vfprintf_r
                0x0000000000002a24        0x0 ./User/ch32v20x_it.o
 .rela.text._sbrk_r
                0x0000000000002a24        0x0 ./User/ch32v20x_it.o
 .rela.text._write_r
                0x0000000000002a24        0x0 ./User/ch32v20x_it.o
 .rela.text._close_r
                0x0000000000002a24        0x0 ./User/ch32v20x_it.o
 .rela.text._lseek_r
                0x0000000000002a24        0x0 ./User/ch32v20x_it.o
 .rela.text._read_r
                0x0000000000002a24        0x0 ./User/ch32v20x_it.o
 .rela.text._fstat_r
                0x0000000000002a24        0x0 ./User/ch32v20x_it.o
 .rela.text._isatty_r
                0x0000000000002a24        0x0 ./User/ch32v20x_it.o
 .rela.text._close
                0x0000000000002a24        0x0 ./User/ch32v20x_it.o
 .rela.text._fstat
                0x0000000000002a24        0x0 ./User/ch32v20x_it.o
 .rela.text._isatty
                0x0000000000002a24        0x0 ./User/ch32v20x_it.o
 .rela.text._lseek
                0x0000000000002a24        0x0 ./User/ch32v20x_it.o
 .rela.text._read
                0x0000000000002a24        0x0 ./User/ch32v20x_it.o

.fini           0x0000000000002a24        0x0
 *(SORT_NONE(.fini))
                0x0000000000002a24                . = ALIGN (0x4)
                [!provide]                        PROVIDE (_etext = .)
                [!provide]                        PROVIDE (_eitcm = .)

.preinit_array  0x0000000000002a24        0x0
                [!provide]                        PROVIDE (__preinit_array_start = .)
 *(.preinit_array)
                [!provide]                        PROVIDE (__preinit_array_end = .)

.init_array     0x0000000000002a24        0x0
                [!provide]                        PROVIDE (__init_array_start = .)
 *(SORT_BY_INIT_PRIORITY(.init_array.*) SORT_BY_INIT_PRIORITY(.ctors.*))
 *(.init_array EXCLUDE_FILE(*crtend?.o *crtend.o *crtbegin?.o *crtbegin.o) .ctors)
                [!provide]                        PROVIDE (__init_array_end = .)

.fini_array     0x0000000000002a24        0x0
                [!provide]                        PROVIDE (__fini_array_start = .)
 *(SORT_BY_INIT_PRIORITY(.fini_array.*) SORT_BY_INIT_PRIORITY(.dtors.*))
 *(.fini_array EXCLUDE_FILE(*crtend?.o *crtend.o *crtbegin?.o *crtbegin.o) .dtors)
                [!provide]                        PROVIDE (__fini_array_end = .)

.ctors
 *crtbegin.o(.ctors)
 *crtbegin?.o(.ctors)
 *(EXCLUDE_FILE(*crtend?.o *crtend.o) .ctors)
 *(SORT_BY_NAME(.ctors.*))
 *(.ctors)

.dtors
 *crtbegin.o(.dtors)
 *crtbegin?.o(.dtors)
 *(EXCLUDE_FILE(*crtend?.o *crtend.o) .dtors)
 *(SORT_BY_NAME(.dtors.*))
 *(.dtors)

.dalign         0x0000000020000000        0x0 load address 0x0000000000002a24
                0x0000000020000000                . = ALIGN (0x4)
                0x0000000020000000                PROVIDE (_data_vma = .)

.dlalign        0x0000000000002a24        0x0
                0x0000000000002a24                . = ALIGN (0x4)
                0x0000000000002a24                PROVIDE (_data_lma = .)

.data           0x0000000020000000       0x98 load address 0x0000000000002a24
 *(.gnu.linkonce.r.*)
 *(.data .data.*)
 .data.AHBPrescTable
                0x0000000020000000       0x10 ./User/system_ch32v20x.o
                0x0000000020000000                AHBPrescTable
 .data.APBAHBPrescTable
                0x0000000020000010       0x10 ./Peripheral/src/ch32v20x_rcc.o
 .data.impure_data
                0x0000000020000020       0x60 c:/mounriver/mounriver_studio/toolchain/risc-v embedded gcc/bin/../lib/gcc/riscv-none-embed/8.2.0/../../../../riscv-none-embed/lib/rv32imacxw/ilp32\libg_nano.a(lib_a-impure.o)
 *(.gnu.linkonce.d.*)
                0x0000000020000080                . = ALIGN (0x8)
                0x0000000020000880                PROVIDE (__global_pointer$ = (. + 0x800))
 *(.sdata .sdata.*)
 .sdata.SystemCoreClock
                0x0000000020000080        0x4 ./User/system_ch32v20x.o
                0x0000000020000080                SystemCoreClock
 .sdata.ADCPrescTable
                0x0000000020000084        0x4 ./Peripheral/src/ch32v20x_rcc.o
 .sdata.curbrk.4654
                0x0000000020000088        0x4 ./Debug/debug.o
 .sdata._impure_ptr
                0x000000002000008c        0x4 c:/mounriver/mounriver_studio/toolchain/risc-v embedded gcc/bin/../lib/gcc/riscv-none-embed/8.2.0/../../../../riscv-none-embed/lib/rv32imacxw/ilp32\libg_nano.a(lib_a-impure.o)
                0x000000002000008c                _impure_ptr
 *(.sdata2.*)
 .sdata2._global_impure_ptr
                0x0000000020000090        0x4 c:/mounriver/mounriver_studio/toolchain/risc-v embedded gcc/bin/../lib/gcc/riscv-none-embed/8.2.0/../../../../riscv-none-embed/lib/rv32imacxw/ilp32\libg_nano.a(lib_a-impure.o)
                0x0000000020000090                _global_impure_ptr
 *(.gnu.linkonce.s.*)
                0x0000000020000098                . = ALIGN (0x8)
 *fill*         0x0000000020000094        0x4 
 *(.srodata.cst16)
 *(.srodata.cst8)
 *(.srodata.cst4)
 *(.srodata.cst2)
 *(.srodata .srodata.*)
                0x0000000020000098                . = ALIGN (0x4)
                0x0000000020000098                PROVIDE (_edata = .)

.bss            0x0000000020000098      0x170 load address 0x0000000000002abc
                0x0000000020000098                . = ALIGN (0x4)
                0x0000000020000098                PROVIDE (_sbss = .)
 *(.sbss*)
 .sbss.pulse_pointer
                0x0000000020000098        0x1 ./User/data.o
                0x0000000020000098                pulse_pointer
 *fill*         0x0000000020000099        0x3 
 .sbss.rx_enabled
                0x000000002000009c        0x4 ./User/data.o
                0x000000002000009c                rx_enabled
 .sbss.transmit_ir
                0x00000000200000a0        0x4 ./User/data.o
                0x00000000200000a0                transmit_ir
 *fill*         0x00000000200000a4        0x4 
 .sbss.tick_interval
                0x00000000200000a8        0x8 ./User/lana.o
                0x00000000200000a8                tick_interval
 .sbss.ticks    0x00000000200000b0        0x8 ./User/lana.o
                0x00000000200000b0                ticks
 .sbss.triggered
                0x00000000200000b8        0x4 ./User/lana.o
                0x00000000200000b8                triggered
 .sbss.MCU_Version
                0x00000000200000bc        0x1 ./Peripheral/src/ch32v20x_gpio.o
                0x00000000200000bc                MCU_Version
 *fill*         0x00000000200000bd        0x3 
 .sbss.NVIC_Priority_Group
                0x00000000200000c0        0x4 ./Peripheral/src/ch32v20x_misc.o
                0x00000000200000c0                NVIC_Priority_Group
 .sbss.__malloc_free_list
                0x00000000200000c4        0x4 c:/mounriver/mounriver_studio/toolchain/risc-v embedded gcc/bin/../lib/gcc/riscv-none-embed/8.2.0/../../../../riscv-none-embed/lib/rv32imacxw/ilp32\libg_nano.a(lib_a-nano-mallocr.o)
                0x00000000200000c4                __malloc_free_list
 .sbss.__malloc_sbrk_start
                0x00000000200000c8        0x4 c:/mounriver/mounriver_studio/toolchain/risc-v embedded gcc/bin/../lib/gcc/riscv-none-embed/8.2.0/../../../../riscv-none-embed/lib/rv32imacxw/ilp32\libg_nano.a(lib_a-nano-mallocr.o)
                0x00000000200000c8                __malloc_sbrk_start
 *(.gnu.linkonce.sb.*)
 *(.bss*)
 .bss.ir1_reader
                0x00000000200000cc        0xc ./User/data.o
                0x00000000200000cc                ir1_reader
 .bss.ir2_reader
                0x00000000200000d8        0xc ./User/data.o
                0x00000000200000d8                ir2_reader
 .bss.pulse_train
                0x00000000200000e4      0x110 ./User/data.o
                0x00000000200000e4                pulse_train
 .bss.LedBuffer
                0x00000000200001f4        0xf ./User/leds.o
                0x00000000200001f4                LedBuffer
 *(.gnu.linkonce.b.*)
 *(COMMON*)
 *fill*         0x0000000020000203        0x1 
 COMMON         0x0000000020000204        0x4 c:/mounriver/mounriver_studio/toolchain/risc-v embedded gcc/bin/../lib/gcc/riscv-none-embed/8.2.0/../../../../riscv-none-embed/lib/rv32imacxw/ilp32\libg_nano.a(lib_a-reent.o)
                0x0000000020000204                errno
                0x0000000020000208                . = ALIGN (0x4)
                0x0000000020000208                PROVIDE (_ebss = .)
                0x0000000020000208                PROVIDE (_end = _ebss)
                [!provide]                        PROVIDE (end = .)

.stack          0x0000000020002000      0x800
                0x0000000020002000                PROVIDE (_heap_end = .)
                0x0000000020002000                . = ALIGN (0x4)
                [!provide]                        PROVIDE (_susrstack = .)
                0x0000000020002800                . = (. + __stack_size)
 *fill*         0x0000000020002000      0x800 
                0x0000000020002800                PROVIDE (_eusrstack = .)
OUTPUT(Blaster2024.elf elf32-littleriscv)

.debug_info     0x0000000000000000     0xff50
 .debug_info    0x0000000000000000      0x962 ./User/ch32v20x_it.o
 .debug_info    0x0000000000000962     0x1a37 ./User/data.o
 .debug_info    0x0000000000002399     0x1a2b ./User/lana.o
 .debug_info    0x0000000000003dc4      0xee6 ./User/leds.o
 .debug_info    0x0000000000004caa      0xfe5 ./User/main.o
 .debug_info    0x0000000000005c8f      0xb3b ./User/system_ch32v20x.o
 .debug_info    0x00000000000067ca       0x22 ./Startup/startup_ch32v20x_D6.o
 .debug_info    0x00000000000067ec      0xa94 ./Peripheral/src/ch32v20x_dbgmcu.o
 .debug_info    0x0000000000007280      0xc0d ./Peripheral/src/ch32v20x_exti.o
 .debug_info    0x0000000000007e8d     0x1354 ./Peripheral/src/ch32v20x_gpio.o
 .debug_info    0x00000000000091e1      0xe6c ./Peripheral/src/ch32v20x_misc.o
 .debug_info    0x000000000000a04d     0x125c ./Peripheral/src/ch32v20x_rcc.o
 .debug_info    0x000000000000b2a9     0x2abe ./Peripheral/src/ch32v20x_tim.o
 .debug_info    0x000000000000dd67     0x1340 ./Peripheral/src/ch32v20x_usart.o
 .debug_info    0x000000000000f0a7      0xea9 ./Debug/debug.o

.debug_abbrev   0x0000000000000000     0x2d25
 .debug_abbrev  0x0000000000000000      0x1cf ./User/ch32v20x_it.o
 .debug_abbrev  0x00000000000001cf      0x4ad ./User/data.o
 .debug_abbrev  0x000000000000067c      0x454 ./User/lana.o
 .debug_abbrev  0x0000000000000ad0      0x3cb ./User/leds.o
 .debug_abbrev  0x0000000000000e9b      0x265 ./User/main.o
 .debug_abbrev  0x0000000000001100      0x2b0 ./User/system_ch32v20x.o
 .debug_abbrev  0x00000000000013b0       0x12 ./Startup/startup_ch32v20x_D6.o
 .debug_abbrev  0x00000000000013c2      0x2f7 ./Peripheral/src/ch32v20x_dbgmcu.o
 .debug_abbrev  0x00000000000016b9      0x2da ./Peripheral/src/ch32v20x_exti.o
 .debug_abbrev  0x0000000000001993      0x34b ./Peripheral/src/ch32v20x_gpio.o
 .debug_abbrev  0x0000000000001cde      0x2ea ./Peripheral/src/ch32v20x_misc.o
 .debug_abbrev  0x0000000000001fc8      0x351 ./Peripheral/src/ch32v20x_rcc.o
 .debug_abbrev  0x0000000000002319      0x418 ./Peripheral/src/ch32v20x_tim.o
 .debug_abbrev  0x0000000000002731      0x312 ./Peripheral/src/ch32v20x_usart.o
 .debug_abbrev  0x0000000000002a43      0x2e2 ./Debug/debug.o

.debug_aranges  0x0000000000000000      0x8d8
 .debug_aranges
                0x0000000000000000       0x28 ./User/ch32v20x_it.o
 .debug_aranges
                0x0000000000000028       0x98 ./User/data.o
 .debug_aranges
                0x00000000000000c0       0x90 ./User/lana.o
 .debug_aranges
                0x0000000000000150       0x68 ./User/leds.o
 .debug_aranges
                0x00000000000001b8       0x38 ./User/main.o
 .debug_aranges
                0x00000000000001f0       0x28 ./User/system_ch32v20x.o
 .debug_aranges
                0x0000000000000218       0x30 ./Startup/startup_ch32v20x_D6.o
 .debug_aranges
                0x0000000000000248       0x48 ./Peripheral/src/ch32v20x_dbgmcu.o
 .debug_aranges
                0x0000000000000290       0x50 ./Peripheral/src/ch32v20x_exti.o
 .debug_aranges
                0x00000000000002e0       0xb0 ./Peripheral/src/ch32v20x_gpio.o
 .debug_aranges
                0x0000000000000390       0x28 ./Peripheral/src/ch32v20x_misc.o
 .debug_aranges
                0x00000000000003b8      0x128 ./Peripheral/src/ch32v20x_rcc.o
 .debug_aranges
                0x00000000000004e0      0x2d0 ./Peripheral/src/ch32v20x_tim.o
 .debug_aranges
                0x00000000000007b0       0xf0 ./Peripheral/src/ch32v20x_usart.o
 .debug_aranges
                0x00000000000008a0       0x38 ./Debug/debug.o

.debug_ranges   0x0000000000000000      0x928
 .debug_ranges  0x0000000000000000       0x18 ./User/ch32v20x_it.o
 .debug_ranges  0x0000000000000018       0xe0 ./User/data.o
 .debug_ranges  0x00000000000000f8       0xb8 ./User/lana.o
 .debug_ranges  0x00000000000001b0       0x88 ./User/leds.o
 .debug_ranges  0x0000000000000238       0x28 ./User/main.o
 .debug_ranges  0x0000000000000260       0x18 ./User/system_ch32v20x.o
 .debug_ranges  0x0000000000000278       0x28 ./Startup/startup_ch32v20x_D6.o
 .debug_ranges  0x00000000000002a0       0x50 ./Peripheral/src/ch32v20x_dbgmcu.o
 .debug_ranges  0x00000000000002f0       0x40 ./Peripheral/src/ch32v20x_exti.o
 .debug_ranges  0x0000000000000330       0xa0 ./Peripheral/src/ch32v20x_gpio.o
 .debug_ranges  0x00000000000003d0       0x48 ./Peripheral/src/ch32v20x_misc.o
 .debug_ranges  0x0000000000000418      0x118 ./Peripheral/src/ch32v20x_rcc.o
 .debug_ranges  0x0000000000000530      0x2f0 ./Peripheral/src/ch32v20x_tim.o
 .debug_ranges  0x0000000000000820       0xe0 ./Peripheral/src/ch32v20x_usart.o
 .debug_ranges  0x0000000000000900       0x28 ./Debug/debug.o

.debug_line     0x0000000000000000     0xac78
 .debug_line    0x0000000000000000      0x240 ./User/ch32v20x_it.o
 .debug_line    0x0000000000000240      0xf0b ./User/data.o
 .debug_line    0x000000000000114b      0xb2e ./User/lana.o
 .debug_line    0x0000000000001c79      0x9e3 ./User/leds.o
 .debug_line    0x000000000000265c      0x575 ./User/main.o
 .debug_line    0x0000000000002bd1      0x5bf ./User/system_ch32v20x.o
 .debug_line    0x0000000000003190      0x121 ./Startup/startup_ch32v20x_D6.o
 .debug_line    0x00000000000032b1      0x387 ./Peripheral/src/ch32v20x_dbgmcu.o
 .debug_line    0x0000000000003638      0x5e3 ./Peripheral/src/ch32v20x_exti.o
 .debug_line    0x0000000000003c1b     0x1618 ./Peripheral/src/ch32v20x_gpio.o
 .debug_line    0x0000000000005233      0x3ea ./Peripheral/src/ch32v20x_misc.o
 .debug_line    0x000000000000561d     0x117c ./Peripheral/src/ch32v20x_rcc.o
 .debug_line    0x0000000000006799     0x30fd ./Peripheral/src/ch32v20x_tim.o
 .debug_line    0x0000000000009896      0xe83 ./Peripheral/src/ch32v20x_usart.o
 .debug_line    0x000000000000a719      0x55f ./Debug/debug.o

.debug_str      0x0000000000000000     0x2a7c
 .debug_str     0x0000000000000000      0x550 ./User/ch32v20x_it.o
                                        0x5b7 (size before relaxing)
 .debug_str     0x0000000000000550      0xbc5 ./User/data.o
                                       0x1192 (size before relaxing)
 .debug_str     0x0000000000001115      0x206 ./User/lana.o
                                        0xf62 (size before relaxing)
 .debug_str     0x000000000000131b       0x78 ./User/leds.o
                                        0x7b2 (size before relaxing)
 .debug_str     0x0000000000001393       0xa6 ./User/main.o
                                        0x6c2 (size before relaxing)
 .debug_str     0x0000000000001439       0xd1 ./User/system_ch32v20x.o
                                        0x6a0 (size before relaxing)
 .debug_str     0x000000000000150a       0x2d ./Startup/startup_ch32v20x_D6.o
                                         0x6a (size before relaxing)
 .debug_str     0x0000000000001537       0x87 ./Peripheral/src/ch32v20x_dbgmcu.o
                                        0x647 (size before relaxing)
 .debug_str     0x00000000000015be       0xc6 ./Peripheral/src/ch32v20x_exti.o
                                        0x78e (size before relaxing)
 .debug_str     0x0000000000001684      0x224 ./Peripheral/src/ch32v20x_gpio.o
                                        0x9bd (size before relaxing)
 .debug_str     0x00000000000018a8       0x69 ./Peripheral/src/ch32v20x_misc.o
                                        0xa7f (size before relaxing)
 .debug_str     0x0000000000001911      0x3b1 ./Peripheral/src/ch32v20x_rcc.o
                                        0xabd (size before relaxing)
 .debug_str     0x0000000000001cc2      0x947 ./Peripheral/src/ch32v20x_tim.o
                                       0x12ba (size before relaxing)
 .debug_str     0x0000000000002609      0x3ef ./Peripheral/src/ch32v20x_usart.o
                                        0xaeb (size before relaxing)
 .debug_str     0x00000000000029f8       0x84 ./Debug/debug.o
                                        0x8fa (size before relaxing)

.comment        0x0000000000000000       0x33
 .comment       0x0000000000000000       0x33 ./User/ch32v20x_it.o
                                         0x34 (size before relaxing)
 .comment       0x0000000000000033       0x34 ./User/data.o
 .comment       0x0000000000000033       0x34 ./User/lana.o
 .comment       0x0000000000000033       0x34 ./User/leds.o
 .comment       0x0000000000000033       0x34 ./User/main.o
 .comment       0x0000000000000033       0x34 ./User/system_ch32v20x.o
 .comment       0x0000000000000033       0x34 ./Peripheral/src/ch32v20x_dbgmcu.o
 .comment       0x0000000000000033       0x34 ./Peripheral/src/ch32v20x_exti.o
 .comment       0x0000000000000033       0x34 ./Peripheral/src/ch32v20x_gpio.o
 .comment       0x0000000000000033       0x34 ./Peripheral/src/ch32v20x_misc.o
 .comment       0x0000000000000033       0x34 ./Peripheral/src/ch32v20x_rcc.o
 .comment       0x0000000000000033       0x34 ./Peripheral/src/ch32v20x_tim.o
 .comment       0x0000000000000033       0x34 ./Peripheral/src/ch32v20x_usart.o
 .comment       0x0000000000000033       0x34 ./Debug/debug.o

.debug_frame    0x0000000000000000     0x1be0
 .debug_frame   0x0000000000000000       0x30 ./User/ch32v20x_it.o
 .debug_frame   0x0000000000000030      0x230 ./User/data.o
 .debug_frame   0x0000000000000260      0x1ac ./User/lana.o
 .debug_frame   0x000000000000040c      0x100 ./User/leds.o
 .debug_frame   0x000000000000050c       0x80 ./User/main.o
 .debug_frame   0x000000000000058c       0x30 ./User/system_ch32v20x.o
 .debug_frame   0x00000000000005bc       0x70 ./Peripheral/src/ch32v20x_dbgmcu.o
 .debug_frame   0x000000000000062c       0x90 ./Peripheral/src/ch32v20x_exti.o
 .debug_frame   0x00000000000006bc      0x170 ./Peripheral/src/ch32v20x_gpio.o
 .debug_frame   0x000000000000082c       0x30 ./Peripheral/src/ch32v20x_misc.o
 .debug_frame   0x000000000000085c      0x244 ./Peripheral/src/ch32v20x_rcc.o
 .debug_frame   0x0000000000000aa0      0x614 ./Peripheral/src/ch32v20x_tim.o
 .debug_frame   0x00000000000010b4      0x1e4 ./Peripheral/src/ch32v20x_usart.o
 .debug_frame   0x0000000000001298       0x88 ./Debug/debug.o
 .debug_frame   0x0000000000001320       0x54 c:/mounriver/mounriver_studio/toolchain/risc-v embedded gcc/bin/../lib/gcc/riscv-none-embed/8.2.0/../../../../riscv-none-embed/lib/rv32imacxw/ilp32\libg_nano.a(lib_a-printf.o)
 .debug_frame   0x0000000000001374      0x148 c:/mounriver/mounriver_studio/toolchain/risc-v embedded gcc/bin/../lib/gcc/riscv-none-embed/8.2.0/../../../../riscv-none-embed/lib/rv32imacxw/ilp32\libg_nano.a(lib_a-findfp.o)
 .debug_frame   0x00000000000014bc       0x88 c:/mounriver/mounriver_studio/toolchain/risc-v embedded gcc/bin/../lib/gcc/riscv-none-embed/8.2.0/../../../../riscv-none-embed/lib/rv32imacxw/ilp32\libg_nano.a(lib_a-fwalk.o)
 .debug_frame   0x0000000000001544       0x40 c:/mounriver/mounriver_studio/toolchain/risc-v embedded gcc/bin/../lib/gcc/riscv-none-embed/8.2.0/../../../../riscv-none-embed/lib/rv32imacxw/ilp32\libg_nano.a(lib_a-nano-mallocr.o)
 .debug_frame   0x0000000000001584       0xd0 c:/mounriver/mounriver_studio/toolchain/risc-v embedded gcc/bin/../lib/gcc/riscv-none-embed/8.2.0/../../../../riscv-none-embed/lib/rv32imacxw/ilp32\libg_nano.a(lib_a-nano-vfprintf.o)
 .debug_frame   0x0000000000001654       0x8c c:/mounriver/mounriver_studio/toolchain/risc-v embedded gcc/bin/../lib/gcc/riscv-none-embed/8.2.0/../../../../riscv-none-embed/lib/rv32imacxw/ilp32\libg_nano.a(lib_a-nano-vfprintf_i.o)
 .debug_frame   0x00000000000016e0       0x30 c:/mounriver/mounriver_studio/toolchain/risc-v embedded gcc/bin/../lib/gcc/riscv-none-embed/8.2.0/../../../../riscv-none-embed/lib/rv32imacxw/ilp32\libg_nano.a(lib_a-sbrkr.o)
 .debug_frame   0x0000000000001710       0xa4 c:/mounriver/mounriver_studio/toolchain/risc-v embedded gcc/bin/../lib/gcc/riscv-none-embed/8.2.0/../../../../riscv-none-embed/lib/rv32imacxw/ilp32\libg_nano.a(lib_a-stdio.o)
 .debug_frame   0x00000000000017b4       0x50 c:/mounriver/mounriver_studio/toolchain/risc-v embedded gcc/bin/../lib/gcc/riscv-none-embed/8.2.0/../../../../riscv-none-embed/lib/rv32imacxw/ilp32\libg_nano.a(lib_a-wbuf.o)
 .debug_frame   0x0000000000001804       0x30 c:/mounriver/mounriver_studio/toolchain/risc-v embedded gcc/bin/../lib/gcc/riscv-none-embed/8.2.0/../../../../riscv-none-embed/lib/rv32imacxw/ilp32\libg_nano.a(lib_a-writer.o)
 .debug_frame   0x0000000000001834       0x3c c:/mounriver/mounriver_studio/toolchain/risc-v embedded gcc/bin/../lib/gcc/riscv-none-embed/8.2.0/../../../../riscv-none-embed/lib/rv32imacxw/ilp32\libg_nano.a(lib_a-wsetup.o)
 .debug_frame   0x0000000000001870       0x30 c:/mounriver/mounriver_studio/toolchain/risc-v embedded gcc/bin/../lib/gcc/riscv-none-embed/8.2.0/../../../../riscv-none-embed/lib/rv32imacxw/ilp32\libg_nano.a(lib_a-closer.o)
 .debug_frame   0x00000000000018a0       0x7c c:/mounriver/mounriver_studio/toolchain/risc-v embedded gcc/bin/../lib/gcc/riscv-none-embed/8.2.0/../../../../riscv-none-embed/lib/rv32imacxw/ilp32\libg_nano.a(lib_a-fflush.o)
 .debug_frame   0x000000000000191c       0x30 c:/mounriver/mounriver_studio/toolchain/risc-v embedded gcc/bin/../lib/gcc/riscv-none-embed/8.2.0/../../../../riscv-none-embed/lib/rv32imacxw/ilp32\libg_nano.a(lib_a-lseekr.o)
 .debug_frame   0x000000000000194c       0x64 c:/mounriver/mounriver_studio/toolchain/risc-v embedded gcc/bin/../lib/gcc/riscv-none-embed/8.2.0/../../../../riscv-none-embed/lib/rv32imacxw/ilp32\libg_nano.a(lib_a-makebuf.o)
 .debug_frame   0x00000000000019b0       0x20 c:/mounriver/mounriver_studio/toolchain/risc-v embedded gcc/bin/../lib/gcc/riscv-none-embed/8.2.0/../../../../riscv-none-embed/lib/rv32imacxw/ilp32\libg_nano.a(lib_a-memchr.o)
 .debug_frame   0x00000000000019d0       0x30 c:/mounriver/mounriver_studio/toolchain/risc-v embedded gcc/bin/../lib/gcc/riscv-none-embed/8.2.0/../../../../riscv-none-embed/lib/rv32imacxw/ilp32\libg_nano.a(lib_a-mlock.o)
 .debug_frame   0x0000000000001a00       0x40 c:/mounriver/mounriver_studio/toolchain/risc-v embedded gcc/bin/../lib/gcc/riscv-none-embed/8.2.0/../../../../riscv-none-embed/lib/rv32imacxw/ilp32\libg_nano.a(lib_a-nano-freer.o)
 .debug_frame   0x0000000000001a40       0x30 c:/mounriver/mounriver_studio/toolchain/risc-v embedded gcc/bin/../lib/gcc/riscv-none-embed/8.2.0/../../../../riscv-none-embed/lib/rv32imacxw/ilp32\libg_nano.a(lib_a-readr.o)
 .debug_frame   0x0000000000001a70       0x70 c:/mounriver/mounriver_studio/toolchain/risc-v embedded gcc/bin/../lib/gcc/riscv-none-embed/8.2.0/../../../../riscv-none-embed/lib/rv32imacxw/ilp32\libg_nano.a(lib_a-reent.o)
 .debug_frame   0x0000000000001ae0       0x30 c:/mounriver/mounriver_studio/toolchain/risc-v embedded gcc/bin/../lib/gcc/riscv-none-embed/8.2.0/../../../../riscv-none-embed/lib/rv32imacxw/ilp32\libg_nano.a(lib_a-fstatr.o)
 .debug_frame   0x0000000000001b10       0x30 c:/mounriver/mounriver_studio/toolchain/risc-v embedded gcc/bin/../lib/gcc/riscv-none-embed/8.2.0/../../../../riscv-none-embed/lib/rv32imacxw/ilp32\libg_nano.a(lib_a-isattyr.o)
 .debug_frame   0x0000000000001b40       0x20 c:/mounriver/mounriver_studio/toolchain/risc-v embedded gcc/bin/../lib/gcc/riscv-none-embed/8.2.0/../../../../riscv-none-embed/lib/rv32imacxw/ilp32\libnosys.a(close.o)
 .debug_frame   0x0000000000001b60       0x20 c:/mounriver/mounriver_studio/toolchain/risc-v embedded gcc/bin/../lib/gcc/riscv-none-embed/8.2.0/../../../../riscv-none-embed/lib/rv32imacxw/ilp32\libnosys.a(fstat.o)
 .debug_frame   0x0000000000001b80       0x20 c:/mounriver/mounriver_studio/toolchain/risc-v embedded gcc/bin/../lib/gcc/riscv-none-embed/8.2.0/../../../../riscv-none-embed/lib/rv32imacxw/ilp32\libnosys.a(isatty.o)
 .debug_frame   0x0000000000001ba0       0x20 c:/mounriver/mounriver_studio/toolchain/risc-v embedded gcc/bin/../lib/gcc/riscv-none-embed/8.2.0/../../../../riscv-none-embed/lib/rv32imacxw/ilp32\libnosys.a(lseek.o)
 .debug_frame   0x0000000000001bc0       0x20 c:/mounriver/mounriver_studio/toolchain/risc-v embedded gcc/bin/../lib/gcc/riscv-none-embed/8.2.0/../../../../riscv-none-embed/lib/rv32imacxw/ilp32\libnosys.a(read.o)

.debug_loc      0x0000000000000000     0x3da2
 .debug_loc     0x0000000000000000      0x428 ./User/data.o
 .debug_loc     0x0000000000000428      0x23f ./User/lana.o
 .debug_loc     0x0000000000000667      0x2f8 ./User/leds.o
 .debug_loc     0x000000000000095f       0xac ./User/system_ch32v20x.o
 .debug_loc     0x0000000000000a0b       0x6e ./Peripheral/src/ch32v20x_dbgmcu.o
 .debug_loc     0x0000000000000a79      0x181 ./Peripheral/src/ch32v20x_exti.o
 .debug_loc     0x0000000000000bfa      0x8a1 ./Peripheral/src/ch32v20x_gpio.o
 .debug_loc     0x000000000000149b       0x2d ./Peripheral/src/ch32v20x_misc.o
 .debug_loc     0x00000000000014c8      0x797 ./Peripheral/src/ch32v20x_rcc.o
 .debug_loc     0x0000000000001c5f     0x190e ./Peripheral/src/ch32v20x_tim.o
 .debug_loc     0x000000000000356d      0x715 ./Peripheral/src/ch32v20x_usart.o
 .debug_loc     0x0000000000003c82      0x120 ./Debug/debug.o

.stab           0x0000000000000000       0x84
 .stab          0x0000000000000000       0x24 c:/mounriver/mounriver_studio/toolchain/risc-v embedded gcc/bin/../lib/gcc/riscv-none-embed/8.2.0/../../../../riscv-none-embed/lib/rv32imacxw/ilp32\libnosys.a(close.o)
 .stab          0x0000000000000024       0x18 c:/mounriver/mounriver_studio/toolchain/risc-v embedded gcc/bin/../lib/gcc/riscv-none-embed/8.2.0/../../../../riscv-none-embed/lib/rv32imacxw/ilp32\libnosys.a(fstat.o)
                                         0x24 (size before relaxing)
 .stab          0x000000000000003c       0x18 c:/mounriver/mounriver_studio/toolchain/risc-v embedded gcc/bin/../lib/gcc/riscv-none-embed/8.2.0/../../../../riscv-none-embed/lib/rv32imacxw/ilp32\libnosys.a(isatty.o)
                                         0x24 (size before relaxing)
 .stab          0x0000000000000054       0x18 c:/mounriver/mounriver_studio/toolchain/risc-v embedded gcc/bin/../lib/gcc/riscv-none-embed/8.2.0/../../../../riscv-none-embed/lib/rv32imacxw/ilp32\libnosys.a(lseek.o)
                                         0x24 (size before relaxing)
 .stab          0x000000000000006c       0x18 c:/mounriver/mounriver_studio/toolchain/risc-v embedded gcc/bin/../lib/gcc/riscv-none-embed/8.2.0/../../../../riscv-none-embed/lib/rv32imacxw/ilp32\libnosys.a(read.o)
                                         0x24 (size before relaxing)

.stabstr        0x0000000000000000      0x117
 .stabstr       0x0000000000000000      0x117 c:/mounriver/mounriver_studio/toolchain/risc-v embedded gcc/bin/../lib/gcc/riscv-none-embed/8.2.0/../../../../riscv-none-embed/lib/rv32imacxw/ilp32\libnosys.a(close.o)
